
> guardiao-painel@0.0.0 test
> vitest


[1m[44m DEV [49m[22m [34mv4.0.16 [39m[90m/home/ubuntu/Documents/Projetos/guardiao/guardiao-painel[39m

 [31m❯[39m src/components/screens/__tests__/AuthScreen.test.tsx [2m([22m[2m7 tests[22m[2m | [22m[31m2 failed[39m[2m)[22m[33m 653[2mms[22m[39m
[31m     [31m×[31m should render login form by default[39m[33m 306[2mms[22m[39m
[31m     [31m×[31m should toggle between login and register modes[39m[32m 105[2mms[22m[39m
     [32m✓[39m should show Google sign-in button[32m 30[2mms[22m[39m
     [32m✓[39m should show password strength indicator in register mode[32m 73[2mms[22m[39m
     [32m✓[39m should require terms acceptance in register mode[32m 85[2mms[22m[39m
     [32m✓[39m should validate email input format[32m 23[2mms[22m[39m
     [32m✓[39m should validate password input type[32m 22[2mms[22m[39m
 [31m❯[39m src/components/screens/__tests__/TasksKanban.test.tsx [2m([22m[2m5 tests[22m[2m | [22m[31m5 failed[39m[2m)[22m[32m 46[2mms[22m[39m
[31m     [31m×[31m should render the kanban board[39m[32m 28[2mms[22m[39m
[31m     [31m×[31m should render all kanban columns[39m[32m 4[2mms[22m[39m
[31m     [31m×[31m should display mock tasks in received column[39m[32m 4[2mms[22m[39m
[31m     [31m×[31m should have a new task button[39m[32m 3[2mms[22m[39m
[31m     [31m×[31m should display task priority correctly[39m[32m 4[2mms[22m[39m
 [32m✓[39m src/__tests__/unit/moderationUtils.test.ts [2m([22m[2m12 tests[22m[2m)[22m[32m 44[2mms[22m[39m
 [32m✓[39m src/__tests__/unit/config.test.ts [2m([22m[2m10 tests[22m[2m)[22m[32m 12[2mms[22m[39m
 [32m✓[39m src/__tests__/security/input-validation.test.ts [2m([22m[2m10 tests[22m[2m)[22m[32m 13[2mms[22m[39m
 [32m✓[39m src/__tests__/integration/auth-flow.test.tsx [2m([22m[2m5 tests[22m[2m)[22m[32m 5[2mms[22m[39m

[31m⎯⎯⎯⎯⎯⎯[39m[1m[41m Failed Suites 2 [49m[22m[31m⎯⎯⎯⎯⎯⎯⎯[39m

[41m[1m FAIL [22m[49m e2e/auth.spec.ts[2m [ e2e/auth.spec.ts ][22m
[31m[1mError[22m: Playwright Test did not expect test.describe() to be called here.
Most common reasons include:
- You are calling test.describe() in a configuration file.
- You are calling test.describe() in a file that is imported by the configuration file.
- You have two different versions of @playwright/test. This usually happens
  when one of the dependencies in your package.json depends on @playwright/test.[39m
[90m [2m❯[22m TestTypeImpl._currentSuite node_modules/playwright/lib/common/testType.js:[2m75:13[22m[39m
[90m [2m❯[22m TestTypeImpl._describe node_modules/playwright/lib/common/testType.js:[2m115:24[22m[39m
[90m [2m❯[22m Function.describe node_modules/playwright/lib/transform/transform.js:[2m275:12[22m[39m
[36m [2m❯[22m e2e/auth.spec.ts:[2m9:6[22m[39m
    [90m  7| [39m */[39m
    [90m  8| [39m
    [90m  9| [39mtest[33m.[39m[34mdescribe[39m([32m'Authentication'[39m[33m,[39m () [33m=>[39m {
    [90m   | [39m     [31m^[39m
    [90m 10| [39m    [34mtest[39m([32m'should display login page'[39m[33m,[39m [35masync[39m ({ page }) [33m=>[39m {
    [90m 11| [39m        [35mawait[39m page[33m.[39m[34mgoto[39m([32m'/'[39m)[33m;[39m

[31m[2m⎯⎯⎯⎯⎯⎯⎯⎯⎯⎯⎯⎯⎯⎯⎯⎯⎯⎯⎯⎯⎯⎯⎯⎯[1/9]⎯[22m[39m

[41m[1m FAIL [22m[49m e2e/navigation.spec.ts[2m [ e2e/navigation.spec.ts ][22m
[31m[1mError[22m: Playwright Test did not expect test.describe() to be called here.
Most common reasons include:
- You are calling test.describe() in a configuration file.
- You are calling test.describe() in a file that is imported by the configuration file.
- You have two different versions of @playwright/test. This usually happens
  when one of the dependencies in your package.json depends on @playwright/test.[39m
[90m [2m❯[22m TestTypeImpl._currentSuite node_modules/playwright/lib/common/testType.js:[2m75:13[22m[39m
[90m [2m❯[22m TestTypeImpl._describe node_modules/playwright/lib/common/testType.js:[2m115:24[22m[39m
[90m [2m❯[22m Function.describe node_modules/playwright/lib/transform/transform.js:[2m275:12[22m[39m
[36m [2m❯[22m e2e/navigation.spec.ts:[2m9:6[22m[39m
    [90m  7| [39m */[39m
    [90m  8| [39m
    [90m  9| [39mtest[33m.[39m[34mdescribe[39m([32m'Navigation'[39m[33m,[39m () [33m=>[39m {
    [90m   | [39m     [31m^[39m
    [90m 10| [39m    [34mtest[39m([32m'should have proper page title'[39m[33m,[39m [35masync[39m ({ page }) [33m=>[39m {
    [90m 11| [39m        [35mawait[39m page[33m.[39m[34mgoto[39m([32m'/'[39m)[33m;[39m

[31m[2m⎯⎯⎯⎯⎯⎯⎯⎯⎯⎯⎯⎯⎯⎯⎯⎯⎯⎯⎯⎯⎯⎯⎯⎯[2/9]⎯[22m[39m


[31m⎯⎯⎯⎯⎯⎯⎯[39m[1m[41m Failed Tests 7 [49m[22m[31m⎯⎯⎯⎯⎯⎯⎯[39m

[41m[1m FAIL [22m[49m src/components/screens/__tests__/AuthScreen.test.tsx[2m > [22mAuthScreen[2m > [22mshould render login form by default
[31m[1mTestingLibraryElementError[22m[39m: Unable to find an accessible element with the role "heading" and name `/entrar/i`

Here are the accessible roles:

  img:

  Name "Logo":
  [36m<img[39m
    [33malt[39m=[32m"Logo"[39m
    [33mclass[39m=[32m"w-full h-full object-cover"[39m
    [33msrc[39m=[32m"/logo-new.jpg"[39m
  [36m/>[39m

  --------------------------------------------------
  heading:

  Name "Guardião Nacional":
  [36m<h1[39m
    [33mclass[39m=[32m"text-xl font-bold text-primary"[39m
  [36m/>[39m

  Name "Guardião Nacional":
  [36m<h1[39m
    [33mclass[39m=[32m"text-2xl font-bold tracking-tight text-blue-900"[39m
  [36m/>[39m

  --------------------------------------------------
  paragraph:

  Name "":
  [36m<p[39m
    [33mclass[39m=[32m"text-sm text-gray-600"[39m
  [36m/>[39m

  Name "":
  [36m<p[39m
    [33mclass[39m=[32m"text-gray-600"[39m
  [36m/>[39m

  Name "":
  [36m<p[39m
    [33mclass[39m=[32m"text-gray-600"[39m
  [36m/>[39m

  --------------------------------------------------
  button:

  Name "Continuar com Google":
  [36m<button[39m
    [33mclass[39m=[32m"inline-flex items-center justify-center gap-2 whitespace-nowrap rounded-md text-sm font-medium transition-all disabled:pointer-events-none disabled:opacity-50 [&_svg]:pointer-events-none [&_svg:not([class*='size-'])]:size-4 shrink-0 [&_svg]:shrink-0 outline-none focus-visible:border-ring focus-visible:ring-ring/50 focus-visible:ring-[3px] aria-invalid:ring-destructive/20 dark:aria-invalid:ring-destructive/40 aria-invalid:border-destructive bg-background text-foreground hover:bg-accent hover:text-accent-foreground dark:bg-input/30 dark:border-input dark:hover:bg-input/50 px-4 py-2 has-[>svg]:px-3 w-full mb-6 h-12 border-2"[39m
    [33mdata-slot[39m=[32m"button"[39m
    [33mtype[39m=[32m"button"[39m
  [36m/>[39m

  Name "Esqueceu sua senha?":
  [36m<button[39m
    [33mclass[39m=[32m"text-sm text-primary hover:underline"[39m
    [33mtype[39m=[32m"button"[39m
  [36m/>[39m

  Name "Entrar":
  [36m<button[39m
    [33mclass[39m=[32m"inline-flex items-center justify-center gap-2 whitespace-nowrap rounded-md text-sm font-medium transition-all disabled:pointer-events-none disabled:opacity-50 [&_svg]:pointer-events-none [&_svg:not([class*='size-'])]:size-4 shrink-0 [&_svg]:shrink-0 outline-none focus-visible:border-ring focus-visible:ring-ring/50 focus-visible:ring-[3px] aria-invalid:ring-destructive/20 dark:aria-invalid:ring-destructive/40 aria-invalid:border-destructive text-primary-foreground px-4 py-2 has-[>svg]:px-3 w-full h-12 bg-primary hover:bg-primary/90"[39m
    [33mdata-slot[39m=[32m"button"[39m
    [33mtype[39m=[32m"submit"[39m
  [36m/>[39m

  Name "Criar conta":
  [36m<button[39m
    [33mclass[39m=[32m"text-primary hover:underline bg-transparent border-none cursor-pointer font-medium"[39m
  [36m/>[39m

  --------------------------------------------------
  none:

  Name "":
  [36m<div[39m
    [33mclass[39m=[32m"bg-border shrink-0 data-[orientation=horizontal]:h-px data-[orientation=horizontal]:w-full data-[orientation=vertical]:h-full data-[orientation=vertical]:w-px"[39m
    [33mdata-orientation[39m=[32m"horizontal"[39m
    [33mdata-slot[39m=[32m"separator-root"[39m
    [33mrole[39m=[32m"none"[39m
  [36m/>[39m

  --------------------------------------------------
  textbox:

  Name "Email":
  [36m<input[39m
    [33mclass[39m=[32m"file:text-foreground placeholder:text-muted-foreground selection:bg-primary selection:text-primary-foreground dark:bg-input/30 border-input flex h-9 w-full min-w-0 rounded-md border px-3 py-1 text-base bg-input-background transition-[color,box-shadow] outline-none file:inline-flex file:h-7 file:border-0 file:bg-transparent file:text-sm file:font-medium disabled:pointer-events-none disabled:cursor-not-allowed disabled:opacity-50 md:text-sm focus-visible:border-ring focus-visible:ring-ring/50 focus-visible:ring-[3px] aria-invalid:ring-destructive/20 dark:aria-invalid:ring-destructive/40 aria-invalid:border-destructive"[39m
    [33mdata-slot[39m=[32m"input"[39m
    [33mid[39m=[32m"email"[39m
    [33mrequired[39m=[32m""[39m
    [33mtype[39m=[32m"email"[39m
    [33mvalue[39m=[32m""[39m
  [36m/>[39m

  --------------------------------------------------

Ignored nodes: comments, script, style
[36m<body>[39m
  [36m<div>[39m
    [36m<div[39m
      [33mclass[39m=[32m"h-screen bg-background flex flex-col"[39m
    [36m>[39m
      [36m<div[39m
        [33mclass[39m=[32m"flex items-center justify-center pt-16 pb-8"[39m
      [36m>[39m
        [36m<div[39m
          [33mclass[39m=[32m"flex items-center space-x-3"[39m
        [36m>[39m
          [36m<div[39m
            [33mclass[39m=[32m"w-16 h-16 rounded-full flex items-center justify-center overflow-hidden"[39m
          [36m>[39m
            [36m<img[39m
              [33malt[39m=[32m"Logo"[39m
              [33mclass[39m=[32m"w-full h-full object-cover"[39m
              [33msrc[39m=[32m"/logo-new.jpg"[39m
            [36m/>[39m
          [36m</div>[39m
          [36m<div>[39m
            [36m<h1[39m
              [33mclass[39m=[32m"text-xl font-bold text-primary"[39m
            [36m>[39m
              [0mGuardião Nacional[0m
            [36m</h1>[39m
            [36m<p[39m
              [33mclass[39m=[32m"text-sm text-gray-600"[39m
            [36m>[39m
              [0mSua voz, sua comunidade[0m
            [36m</p>[39m
          [36m</div>[39m
        [36m</div>[39m
      [36m</div>[39m
      [36m<div[39m
        [33mclass[39m=[32m"flex-1 px-6"[39m
      [36m>[39m
        [36m<div[39m
          [33mclass[39m=[32m"max-w-sm mx-auto"[39m
        [36m>[39m
          [36m<div[39m
            [33mclass[39m=[32m"text-center"[39m
          [36m>[39m
            [36m<h1[39m
              [33mclass[39m=[32m"text-2xl font-bold tracking-tight text-blue-900"[39m
            [36m>[39m
              [0mGuardião Nacional[0m
            [36m</h1>[39m
            [36m<p[39m
              [33mclass[39m=[32m"text-gray-600"[39m
            [36m>[39m
              [0mAcesse sua conta para continuar[0m
            [36m</p>[39m
          [36m</div>[39m
          [36m<button[39m
            [33mclass[39m=[32m"inline-flex items-center justify-center gap-2 whitespace-nowrap rounded-md text-sm font-medium transition-all disabled:pointer-events-none disabled:opacity-50 [&_svg]:pointer-events-none [&_svg:not([class*='size-'])]:size-4 shrink-0 [&_svg]:shrink-0 outline-none focus-visible:border-ring focus-visible:ring-ring/50 focus-visible:ring-[3px] aria-invalid:ring-destructive/20 dark:aria-invalid:ring-destructive/40 aria-invalid:border-destructive bg-background text-foreground hover:bg-accent hover:text-accent-foreground dark:bg-input/30 dark:border-input dark:hover:bg-input/50 px-4 py-2 has-[>svg]:px-3 w-full mb-6 h-12 border-2"[39m
            [33mdata-slot[39m=[32m"button"[39m
            [33mtype[39m=[32m"button"[39m
          [36m>[39m
            [36m<svg[39m
              [33mclass[39m=[32m"w-5 h-5 mr-2"[39m
              [33mviewBox[39m=[32m"0 0 24 24"[39m
            [36m>[39m
              [36m<path[39m
                [33md[39m=[32m"M22.56 12.25c0-.78-.07-1.53-.2-2.25H12v4.26h5.92c-.26 1.37-1.04 2.53-2.21 3.31v2.77h3.57c2.08-1.92 3.28-4.74 3.28-8.09z"[39m
                [33mfill[39m=[32m"#4285F4"[39m
              [36m/>[39m
              [36m<path[39m
                [33md[39m=[32m"M12 23c2.97 0 5.46-.98 7.28-2.66l-3.57-2.77c-.98.66-2.23 1.06-3.71 1.06-2.86 0-5.29-1.93-6.16-4.53H2.18v2.84C3.99 20.53 7.7 23 12 23z"[39m
                [33mfill[39m=[32m"#34A853"[39m
              [36m/>[39m
              [36m<path[39m
                [33md[39m=[32m"M5.84 14.09c-.22-.66-.35-1.36-.35-2.09s.13-1.43.35-2.09V7.07H2.18C1.43 8.55 1 10.22 1 12s.43 3.45 1.18 4.93l2.85-2.22.81-.62z"[39m
                [33mfill[39m=[32m"#FBBC05"[39m
              [36m/>[39m
              [36m<path[39m
                [33md[39m=[32m"M12 5.38c1.62 0 3.06.56 4.21 1.64l3.15-3.15C17.45 2.09 14.97 1 12 1 7.7 1 3.99 3.47 2.18 7.07l3.66 2.84c.87-2.6 3.3-4.53 6.16-4.53z"[39m
                [33mfill[39m=[32m"#EA4335"[39m
              [36m/>[39m
            [36m</svg>[39m
            [0mContinuar com Google[0m
          [36m</button>[39m
          [36m<div[39m
            [33mclass[39m=[32m"relative mb-6"[39m
          [36m>[39m
            [36m<div[39m
              [33mclass[39m=[32m"bg-border shrink-0 data-[orientation=horizontal]:h-px data-[orientation=horizontal]:w-full data-[orientation=vertical]:h-full data-[orientation=vertical]:w-px"[39m
              [33mdata-orientation[39m=[32m"horizontal"[39m
              [33mdata-slot[39m=[32m"separator-root"[39m
              [33mrole[39m=[32m"none"[39m
            [36m/>[39m
            [36m<span[39m
              [33mclass[39m=[32m"absolute top-1/2 left-1/2 transform -translate-x-1/2 -translate-y-1/2 bg-background px-3 text-sm text-gray-500"[39m
            [36m>[39m
              [0mou[0m
            [36m</span>[39m
          [36m</div>[39m
          [36m<form[39m
            [33mclass[39m=[32m"space-y-4"[39m
          [36m>[39m
            [36m<div[39m
              [33mclass[39m=[32m"space-y-2"[39m
            [36m>[39m
              [36m<label[39m
                [33mclass[39m=[32m"flex items-center gap-2 text-sm leading-none font-medium select-none group-data-[disabled=true]:pointer-events-none group-data-[disabled=true]:opacity-50 peer-disabled:cursor-not-allowed peer-disabled:opacity-50"[39m
                [33mdata-slot[39m=[32m"label"[39m
                [33mfor[39m=[32m"email"[39m
              [36m>[39m
                [0mEmail[0m
              [36m</label>[39m
              [36m<input[39m
                [33mclass[39m=[32m"file:text-foreground placeholder:text-muted-foreground selection:bg-primary selection:text-primary-foreground dark:bg-input/30 border-input flex h-9 w-full min-w-0 rounded-md border px-3 py-1 text-base bg-input-background transition-[color,box-shadow] outline-none file:inline-flex file:h-7 file:border-0 file:bg-transparent file:text-sm file:font-medium disabled:pointer-events-none disabled:cursor-not-allowed disabled:opacity-50 md:text-sm focus-visible:border-ring focus-visible:ring-ring/50 focus-visible:ring-[3px] aria-invalid:ring-destructive/20 dark:aria-invalid:ring-destructive/40 aria-invalid:border-destructive"[39m
                [33mdata-slot[39m=[32m"input"[39m
                [33mid[39m=[32m"email"[39m
                [33mrequired[39m=[32m""[39m
                [33mtype[39m=[32m"email"[39m
                [33mvalue[39m=[32m""[39m
              [36m/>[39m
            [36m</div>[39m
            [36m<div[39m
              [33mclass[39m=[32m"space-y-2"[39m
            [36m>[39m
              [36m<label[39m
                [33mclass[39m=[32m"flex items-center gap-2 text-sm leading-none font-medium select-none group-data-[disabled=true]:pointer-events-none group-data-[disabled=true]:opacity-50 peer-disabled:cursor-not-allowed peer-disabled:opacity-50"[39m
                [33mdata-slot[39m=[32m"label"[39m
                [33mfor[39m=[32m"password"[39m
              [36m>[39m
                [0mSenha[0m
              [36m</label>[39m
              [36m<input[39m
                [33mclass[39m=[32m"file:text-foreground placeholder:text-muted-foreground selection:bg-primary selection:text-primary-foreground dark:bg-input/30 border-input flex h-9 w-full min-w-0 rounded-md border px-3 py-1 text-base bg-input-background transition-[color,box-shadow] outline-none file:inline-flex file:h-7 file:border-0 file:bg-transparent file:text-sm file:font-medium disabled:pointer-events-none disabled:cursor-not-allowed disabled:opacity-50 md:text-sm focus-visible:border-ring focus-visible:ring-ring/50 focus-visible:ring-[3px] aria-invalid:ring-destructive/20 dark:aria-invalid:ring-destructive/40 aria-invalid:border-destructive"[39m
                [33mdata-slot[39m=[32m"input"[39m
                [33mid[39m=[32m"password"[39m
                [33mrequired[39m=[32m""[39m
                [33mtype[39m=[32m"password"[39m
                [33mvalue[39m=[32m""[39m
              [36m/>[39m
            [36m</div>[39m
            [36m<div[39m
              [33mclass[39m=[32m"flex justify-end"[39m
            [36m>[39m
              [36m<button[39m
                [33mclass[39m=[32m"text-sm text-primary hover:underline"[39m
                [33mtype[39m=[32m"button"[39m
              [36m>[39m
                [0mEsqueceu sua senha?[0m
              [36m</button>[39m
            [36m</div>[39m
            [36m<button[39m
              [33mclass[39m=[32m"inline-flex items-center justify-center gap-2 whitespace-nowrap rounded-md text-sm font-medium transition-all disabled:pointer-events-none disabled:opacity-50 [&_svg]:pointer-events-none [&_svg:not([class*='size-'])]:size-4 shrink-0 [&_svg]:shrink-0 outline-none focus-visible:border-ring focus-visible:ring-ring/50 focus-visible:ring-[3px] aria-invalid:ring-destructive/20 dark:aria-invalid:ring-destructive/40 aria-invalid:border-destructive text-primary-foreground px-4 py-2 has-[>svg]:px-3 w-full h-12 bg-primary hover:bg-primary/90"[39m
              [33mdata-slot[39m=[32m"button"[39m
              [33mtype[39m=[32m"submit"[39m
            [36m>[39m
              [0mEntrar[0m
            [36m</button>[39m
          [36m</form>[39m
          [36m<div[39m
            [33mclass[39m=[32m"mt-6 text-center"[39m
          [36m>[39m
            [36m<p[39m
              [33mclass[39m=[32m"text-gray-600"[39m
            [36m>[39m
              [0mNão tem uma conta?[0m
              [0m [0m
              [36m<button[39m
                [33mclass[39m=[32m"text-primary hover:underline bg-transparent border-none cursor-pointer font-medium"[39m
              [36m>[39m
                [0mCriar conta[0m
              [36m</button>[39m
            [36m</p>[39m
          [36m</div>[39m
        [36m</div>[39m
      [36m</div>[39m
    [36m</div>[39m
  [36m</div>[39m
[36m</body>[39m
[90m [2m❯[22m Object.getElementError node_modules/@testing-library/dom/dist/config.js:[2m37:19[22m[39m
[90m [2m❯[22m node_modules/@testing-library/dom/dist/query-helpers.js:[2m76:38[22m[39m
[90m [2m❯[22m node_modules/@testing-library/dom/dist/query-helpers.js:[2m52:17[22m[39m
[90m [2m❯[22m node_modules/@testing-library/dom/dist/query-helpers.js:[2m95:19[22m[39m
[36m [2m❯[22m src/components/screens/__tests__/AuthScreen.test.tsx:[2m14:23[22m[39m
    [90m 12| [39m        [34mrenderWithRouter[39m([33m<[39m[33mAuthScreen[39m [33m/[39m[33m>[39m)[33m;[39m
    [90m 13| [39m
    [90m 14| [39m        expect(screen.getByRole('heading', { name: /entrar/i })).toBeI…
    [90m   | [39m                      [31m^[39m
    [90m 15| [39m        [34mexpect[39m(screen[33m.[39m[34mgetByLabelText[39m([36m/email/i[39m))[33m.[39m[34mtoBeInTheDocument[39m()[33m;[39m
    [90m 16| [39m        [34mexpect[39m(screen[33m.[39m[34mgetByLabelText[39m([36m/senha/i[39m))[33m.[39m[34mtoBeInTheDocument[39m()[33m;[39m

[31m[2m⎯⎯⎯⎯⎯⎯⎯⎯⎯⎯⎯⎯⎯⎯⎯⎯⎯⎯⎯⎯⎯⎯⎯⎯[3/9]⎯[22m[39m

[41m[1m FAIL [22m[49m src/components/screens/__tests__/AuthScreen.test.tsx[2m > [22mAuthScreen[2m > [22mshould toggle between login and register modes
[31m[1mTestingLibraryElementError[22m[39m: Unable to find an accessible element with the role "heading" and name `/entrar/i`

Here are the accessible roles:

  img:

  Name "Logo":
  [36m<img[39m
    [33malt[39m=[32m"Logo"[39m
    [33mclass[39m=[32m"w-full h-full object-cover"[39m
    [33msrc[39m=[32m"/logo-new.jpg"[39m
  [36m/>[39m

  --------------------------------------------------
  heading:

  Name "Guardião Nacional":
  [36m<h1[39m
    [33mclass[39m=[32m"text-xl font-bold text-primary"[39m
  [36m/>[39m

  Name "Guardião Nacional":
  [36m<h1[39m
    [33mclass[39m=[32m"text-2xl font-bold tracking-tight text-blue-900"[39m
  [36m/>[39m

  --------------------------------------------------
  paragraph:

  Name "":
  [36m<p[39m
    [33mclass[39m=[32m"text-sm text-gray-600"[39m
  [36m/>[39m

  Name "":
  [36m<p[39m
    [33mclass[39m=[32m"text-gray-600"[39m
  [36m/>[39m

  Name "":
  [36m<p[39m
    [33mclass[39m=[32m"text-gray-600"[39m
  [36m/>[39m

  --------------------------------------------------
  button:

  Name "Continuar com Google":
  [36m<button[39m
    [33mclass[39m=[32m"inline-flex items-center justify-center gap-2 whitespace-nowrap rounded-md text-sm font-medium transition-all disabled:pointer-events-none disabled:opacity-50 [&_svg]:pointer-events-none [&_svg:not([class*='size-'])]:size-4 shrink-0 [&_svg]:shrink-0 outline-none focus-visible:border-ring focus-visible:ring-ring/50 focus-visible:ring-[3px] aria-invalid:ring-destructive/20 dark:aria-invalid:ring-destructive/40 aria-invalid:border-destructive bg-background text-foreground hover:bg-accent hover:text-accent-foreground dark:bg-input/30 dark:border-input dark:hover:bg-input/50 px-4 py-2 has-[>svg]:px-3 w-full mb-6 h-12 border-2"[39m
    [33mdata-slot[39m=[32m"button"[39m
    [33mtype[39m=[32m"button"[39m
  [36m/>[39m

  Name "Esqueceu sua senha?":
  [36m<button[39m
    [33mclass[39m=[32m"text-sm text-primary hover:underline"[39m
    [33mtype[39m=[32m"button"[39m
  [36m/>[39m

  Name "Entrar":
  [36m<button[39m
    [33mclass[39m=[32m"inline-flex items-center justify-center gap-2 whitespace-nowrap rounded-md text-sm font-medium transition-all disabled:pointer-events-none disabled:opacity-50 [&_svg]:pointer-events-none [&_svg:not([class*='size-'])]:size-4 shrink-0 [&_svg]:shrink-0 outline-none focus-visible:border-ring focus-visible:ring-ring/50 focus-visible:ring-[3px] aria-invalid:ring-destructive/20 dark:aria-invalid:ring-destructive/40 aria-invalid:border-destructive text-primary-foreground px-4 py-2 has-[>svg]:px-3 w-full h-12 bg-primary hover:bg-primary/90"[39m
    [33mdata-slot[39m=[32m"button"[39m
    [33mtype[39m=[32m"submit"[39m
  [36m/>[39m

  Name "Criar conta":
  [36m<button[39m
    [33mclass[39m=[32m"text-primary hover:underline bg-transparent border-none cursor-pointer font-medium"[39m
  [36m/>[39m

  --------------------------------------------------
  none:

  Name "":
  [36m<div[39m
    [33mclass[39m=[32m"bg-border shrink-0 data-[orientation=horizontal]:h-px data-[orientation=horizontal]:w-full data-[orientation=vertical]:h-full data-[orientation=vertical]:w-px"[39m
    [33mdata-orientation[39m=[32m"horizontal"[39m
    [33mdata-slot[39m=[32m"separator-root"[39m
    [33mrole[39m=[32m"none"[39m
  [36m/>[39m

  --------------------------------------------------
  textbox:

  Name "Email":
  [36m<input[39m
    [33mclass[39m=[32m"file:text-foreground placeholder:text-muted-foreground selection:bg-primary selection:text-primary-foreground dark:bg-input/30 border-input flex h-9 w-full min-w-0 rounded-md border px-3 py-1 text-base bg-input-background transition-[color,box-shadow] outline-none file:inline-flex file:h-7 file:border-0 file:bg-transparent file:text-sm file:font-medium disabled:pointer-events-none disabled:cursor-not-allowed disabled:opacity-50 md:text-sm focus-visible:border-ring focus-visible:ring-ring/50 focus-visible:ring-[3px] aria-invalid:ring-destructive/20 dark:aria-invalid:ring-destructive/40 aria-invalid:border-destructive"[39m
    [33mdata-slot[39m=[32m"input"[39m
    [33mid[39m=[32m"email"[39m
    [33mrequired[39m=[32m""[39m
    [33mtype[39m=[32m"email"[39m
    [33mvalue[39m=[32m""[39m
  [36m/>[39m

  --------------------------------------------------

Ignored nodes: comments, script, style
[36m<body>[39m
  [36m<div>[39m
    [36m<div[39m
      [33mclass[39m=[32m"h-screen bg-background flex flex-col"[39m
    [36m>[39m
      [36m<div[39m
        [33mclass[39m=[32m"flex items-center justify-center pt-16 pb-8"[39m
      [36m>[39m
        [36m<div[39m
          [33mclass[39m=[32m"flex items-center space-x-3"[39m
        [36m>[39m
          [36m<div[39m
            [33mclass[39m=[32m"w-16 h-16 rounded-full flex items-center justify-center overflow-hidden"[39m
          [36m>[39m
            [36m<img[39m
              [33malt[39m=[32m"Logo"[39m
              [33mclass[39m=[32m"w-full h-full object-cover"[39m
              [33msrc[39m=[32m"/logo-new.jpg"[39m
            [36m/>[39m
          [36m</div>[39m
          [36m<div>[39m
            [36m<h1[39m
              [33mclass[39m=[32m"text-xl font-bold text-primary"[39m
            [36m>[39m
              [0mGuardião Nacional[0m
            [36m</h1>[39m
            [36m<p[39m
              [33mclass[39m=[32m"text-sm text-gray-600"[39m
            [36m>[39m
              [0mSua voz, sua comunidade[0m
            [36m</p>[39m
          [36m</div>[39m
        [36m</div>[39m
      [36m</div>[39m
      [36m<div[39m
        [33mclass[39m=[32m"flex-1 px-6"[39m
      [36m>[39m
        [36m<div[39m
          [33mclass[39m=[32m"max-w-sm mx-auto"[39m
        [36m>[39m
          [36m<div[39m
            [33mclass[39m=[32m"text-center"[39m
          [36m>[39m
            [36m<h1[39m
              [33mclass[39m=[32m"text-2xl font-bold tracking-tight text-blue-900"[39m
            [36m>[39m
              [0mGuardião Nacional[0m
            [36m</h1>[39m
            [36m<p[39m
              [33mclass[39m=[32m"text-gray-600"[39m
            [36m>[39m
              [0mAcesse sua conta para continuar[0m
            [36m</p>[39m
          [36m</div>[39m
          [36m<button[39m
            [33mclass[39m=[32m"inline-flex items-center justify-center gap-2 whitespace-nowrap rounded-md text-sm font-medium transition-all disabled:pointer-events-none disabled:opacity-50 [&_svg]:pointer-events-none [&_svg:not([class*='size-'])]:size-4 shrink-0 [&_svg]:shrink-0 outline-none focus-visible:border-ring focus-visible:ring-ring/50 focus-visible:ring-[3px] aria-invalid:ring-destructive/20 dark:aria-invalid:ring-destructive/40 aria-invalid:border-destructive bg-background text-foreground hover:bg-accent hover:text-accent-foreground dark:bg-input/30 dark:border-input dark:hover:bg-input/50 px-4 py-2 has-[>svg]:px-3 w-full mb-6 h-12 border-2"[39m
            [33mdata-slot[39m=[32m"button"[39m
            [33mtype[39m=[32m"button"[39m
          [36m>[39m
            [36m<svg[39m
              [33mclass[39m=[32m"w-5 h-5 mr-2"[39m
              [33mviewBox[39m=[32m"0 0 24 24"[39m
            [36m>[39m
              [36m<path[39m
                [33md[39m=[32m"M22.56 12.25c0-.78-.07-1.53-.2-2.25H12v4.26h5.92c-.26 1.37-1.04 2.53-2.21 3.31v2.77h3.57c2.08-1.92 3.28-4.74 3.28-8.09z"[39m
                [33mfill[39m=[32m"#4285F4"[39m
              [36m/>[39m
              [36m<path[39m
                [33md[39m=[32m"M12 23c2.97 0 5.46-.98 7.28-2.66l-3.57-2.77c-.98.66-2.23 1.06-3.71 1.06-2.86 0-5.29-1.93-6.16-4.53H2.18v2.84C3.99 20.53 7.7 23 12 23z"[39m
                [33mfill[39m=[32m"#34A853"[39m
              [36m/>[39m
              [36m<path[39m
                [33md[39m=[32m"M5.84 14.09c-.22-.66-.35-1.36-.35-2.09s.13-1.43.35-2.09V7.07H2.18C1.43 8.55 1 10.22 1 12s.43 3.45 1.18 4.93l2.85-2.22.81-.62z"[39m
                [33mfill[39m=[32m"#FBBC05"[39m
              [36m/>[39m
              [36m<path[39m
                [33md[39m=[32m"M12 5.38c1.62 0 3.06.56 4.21 1.64l3.15-3.15C17.45 2.09 14.97 1 12 1 7.7 1 3.99 3.47 2.18 7.07l3.66 2.84c.87-2.6 3.3-4.53 6.16-4.53z"[39m
                [33mfill[39m=[32m"#EA4335"[39m
              [36m/>[39m
            [36m</svg>[39m
            [0mContinuar com Google[0m
          [36m</button>[39m
          [36m<div[39m
            [33mclass[39m=[32m"relative mb-6"[39m
          [36m>[39m
            [36m<div[39m
              [33mclass[39m=[32m"bg-border shrink-0 data-[orientation=horizontal]:h-px data-[orientation=horizontal]:w-full data-[orientation=vertical]:h-full data-[orientation=vertical]:w-px"[39m
              [33mdata-orientation[39m=[32m"horizontal"[39m
              [33mdata-slot[39m=[32m"separator-root"[39m
              [33mrole[39m=[32m"none"[39m
            [36m/>[39m
            [36m<span[39m
              [33mclass[39m=[32m"absolute top-1/2 left-1/2 transform -translate-x-1/2 -translate-y-1/2 bg-background px-3 text-sm text-gray-500"[39m
            [36m>[39m
              [0mou[0m
            [36m</span>[39m
          [36m</div>[39m
          [36m<form[39m
            [33mclass[39m=[32m"space-y-4"[39m
          [36m>[39m
            [36m<div[39m
              [33mclass[39m=[32m"space-y-2"[39m
            [36m>[39m
              [36m<label[39m
                [33mclass[39m=[32m"flex items-center gap-2 text-sm leading-none font-medium select-none group-data-[disabled=true]:pointer-events-none group-data-[disabled=true]:opacity-50 peer-disabled:cursor-not-allowed peer-disabled:opacity-50"[39m
                [33mdata-slot[39m=[32m"label"[39m
                [33mfor[39m=[32m"email"[39m
              [36m>[39m
                [0mEmail[0m
              [36m</label>[39m
              [36m<input[39m
                [33mclass[39m=[32m"file:text-foreground placeholder:text-muted-foreground selection:bg-primary selection:text-primary-foreground dark:bg-input/30 border-input flex h-9 w-full min-w-0 rounded-md border px-3 py-1 text-base bg-input-background transition-[color,box-shadow] outline-none file:inline-flex file:h-7 file:border-0 file:bg-transparent file:text-sm file:font-medium disabled:pointer-events-none disabled:cursor-not-allowed disabled:opacity-50 md:text-sm focus-visible:border-ring focus-visible:ring-ring/50 focus-visible:ring-[3px] aria-invalid:ring-destructive/20 dark:aria-invalid:ring-destructive/40 aria-invalid:border-destructive"[39m
                [33mdata-slot[39m=[32m"input"[39m
                [33mid[39m=[32m"email"[39m
                [33mrequired[39m=[32m""[39m
                [33mtype[39m=[32m"email"[39m
                [33mvalue[39m=[32m""[39m
              [36m/>[39m
            [36m</div>[39m
            [36m<div[39m
              [33mclass[39m=[32m"space-y-2"[39m
            [36m>[39m
              [36m<label[39m
                [33mclass[39m=[32m"flex items-center gap-2 text-sm leading-none font-medium select-none group-data-[disabled=true]:pointer-events-none group-data-[disabled=true]:opacity-50 peer-disabled:cursor-not-allowed peer-disabled:opacity-50"[39m
                [33mdata-slot[39m=[32m"label"[39m
                [33mfor[39m=[32m"password"[39m
              [36m>[39m
                [0mSenha[0m
              [36m</label>[39m
              [36m<input[39m
                [33mclass[39m=[32m"file:text-foreground placeholder:text-muted-foreground selection:bg-primary selection:text-primary-foreground dark:bg-input/30 border-input flex h-9 w-full min-w-0 rounded-md border px-3 py-1 text-base bg-input-background transition-[color,box-shadow] outline-none file:inline-flex file:h-7 file:border-0 file:bg-transparent file:text-sm file:font-medium disabled:pointer-events-none disabled:cursor-not-allowed disabled:opacity-50 md:text-sm focus-visible:border-ring focus-visible:ring-ring/50 focus-visible:ring-[3px] aria-invalid:ring-destructive/20 dark:aria-invalid:ring-destructive/40 aria-invalid:border-destructive"[39m
                [33mdata-slot[39m=[32m"input"[39m
                [33mid[39m=[32m"password"[39m
                [33mrequired[39m=[32m""[39m
                [33mtype[39m=[32m"password"[39m
                [33mvalue[39m=[32m""[39m
              [36m/>[39m
            [36m</div>[39m
            [36m<div[39m
              [33mclass[39m=[32m"flex justify-end"[39m
            [36m>[39m
              [36m<button[39m
                [33mclass[39m=[32m"text-sm text-primary hover:underline"[39m
                [33mtype[39m=[32m"button"[39m
              [36m>[39m
                [0mEsqueceu sua senha?[0m
              [36m</button>[39m
            [36m</div>[39m
            [36m<button[39m
              [33mclass[39m=[32m"inline-flex items-center justify-center gap-2 whitespace-nowrap rounded-md text-sm font-medium transition-all disabled:pointer-events-none disabled:opacity-50 [&_svg]:pointer-events-none [&_svg:not([class*='size-'])]:size-4 shrink-0 [&_svg]:shrink-0 outline-none focus-visible:border-ring focus-visible:ring-ring/50 focus-visible:ring-[3px] aria-invalid:ring-destructive/20 dark:aria-invalid:ring-destructive/40 aria-invalid:border-destructive text-primary-foreground px-4 py-2 has-[>svg]:px-3 w-full h-12 bg-primary hover:bg-primary/90"[39m
              [33mdata-slot[39m=[32m"button"[39m
              [33mtype[39m=[32m"submit"[39m
            [36m>[39m
              [0mEntrar[0m
            [36m</button>[39m
          [36m</form>[39m
          [36m<div[39m
            [33mclass[39m=[32m"mt-6 text-center"[39m
          [36m>[39m
            [36m<p[39m
              [33mclass[39m=[32m"text-gray-600"[39m
            [36m>[39m
              [0mNão tem uma conta?[0m
              [0m [0m
              [36m<button[39m
                [33mclass[39m=[32m"text-primary hover:underline bg-transparent border-none cursor-pointer font-medium"[39m
              [36m>[39m
                [0mCriar conta[0m
              [36m</button>[39m
            [36m</p>[39m
          [36m</div>[39m
        [36m</div>[39m
      [36m</div>[39m
    [36m</div>[39m
  [36m</div>[39m
[36m</body>[39m
[90m [2m❯[22m Object.getElementError node_modules/@testing-library/dom/dist/config.js:[2m37:19[22m[39m
[90m [2m❯[22m node_modules/@testing-library/dom/dist/query-helpers.js:[2m76:38[22m[39m
[90m [2m❯[22m node_modules/@testing-library/dom/dist/query-helpers.js:[2m52:17[22m[39m
[90m [2m❯[22m node_modules/@testing-library/dom/dist/query-helpers.js:[2m95:19[22m[39m
[36m [2m❯[22m src/components/screens/__tests__/AuthScreen.test.tsx:[2m23:23[22m[39m
    [90m 21| [39m
    [90m 22| [39m        [90m// Initially in login mode[39m
    [90m 23| [39m        expect(screen.getByRole('heading', { name: /entrar/i })).toBeI…
    [90m   | [39m                      [31m^[39m
    [90m 24| [39m
    [90m 25| [39m        [90m// Click to switch to register[39m

[31m[2m⎯⎯⎯⎯⎯⎯⎯⎯⎯⎯⎯⎯⎯⎯⎯⎯⎯⎯⎯⎯⎯⎯⎯⎯[4/9]⎯[22m[39m

[41m[1m FAIL [22m[49m src/components/screens/__tests__/TasksKanban.test.tsx[2m > [22mTasksKanban[2m > [22mshould render the kanban board
[41m[1m FAIL [22m[49m src/components/screens/__tests__/TasksKanban.test.tsx[2m > [22mTasksKanban[2m > [22mshould render all kanban columns
[41m[1m FAIL [22m[49m src/components/screens/__tests__/TasksKanban.test.tsx[2m > [22mTasksKanban[2m > [22mshould display mock tasks in received column
[41m[1m FAIL [22m[49m src/components/screens/__tests__/TasksKanban.test.tsx[2m > [22mTasksKanban[2m > [22mshould have a new task button
[41m[1m FAIL [22m[49m src/components/screens/__tests__/TasksKanban.test.tsx[2m > [22mTasksKanban[2m > [22mshould display task priority correctly
[31m[1mError[22m: No QueryClient set, use QueryClientProvider to set one[39m
[90m [2m❯[22m useQueryClient node_modules/@tanstack/react-query/build/modern/QueryClientProvider.js:[2m15:11[22m[39m
[90m [2m❯[22m useBaseQuery node_modules/@tanstack/react-query/build/modern/useBaseQuery.js:[2m30:18[22m[39m
[90m [2m❯[22m useQuery node_modules/@tanstack/react-query/build/modern/useQuery.js:[2m7:10[22m[39m
[36m [2m❯[22m useCityContributions src/hooks/useContributions.ts:[2m12:12[22m[39m
    [90m 10| [39m
    [90m 11| [39mexport function useCityContributions(cityId: string, filters?: Filters…
    [90m 12| [39m    [35mreturn[39m [34museQuery[39m({
    [90m   | [39m           [31m^[39m
    [90m 13| [39m        queryKey[33m:[39m [[32m'contributions'[39m[33m,[39m cityId[33m,[39m filters][33m,[39m
    [90m 14| [39m        queryFn: () => contributionService.getCityContributions(cityId…
[90m [2m❯[22m TasksKanban src/components/screens/TasksKanban.tsx:[2m151:48[22m[39m
[90m [2m❯[22m Object.react_stack_bottom_frame node_modules/react-dom/cjs/react-dom-client.development.js:[2m25904:20[22m[39m
[90m [2m❯[22m renderWithHooks node_modules/react-dom/cjs/react-dom-client.development.js:[2m7662:22[22m[39m
[90m [2m❯[22m updateFunctionComponent node_modules/react-dom/cjs/react-dom-client.development.js:[2m10166:19[22m[39m
[90m [2m❯[22m beginWork node_modules/react-dom/cjs/react-dom-client.development.js:[2m11778:18[22m[39m
[90m [2m❯[22m runWithFiberInDEV node_modules/react-dom/cjs/react-dom-client.development.js:[2m874:13[22m[39m

[31m[2m⎯⎯⎯⎯⎯⎯⎯⎯⎯⎯⎯⎯⎯⎯⎯⎯⎯⎯⎯⎯⎯⎯⎯⎯[5/9]⎯[22m[39m


[2m Test Files [22m [1m[31m4 failed[39m[22m[2m | [22m[1m[32m4 passed[39m[22m[90m (8)[39m
[2m      Tests [22m [1m[31m7 failed[39m[22m[2m | [22m[1m[32m42 passed[39m[22m[90m (49)[39m
[2m   Start at [22m 16:50:02
[2m   Duration [22m 9.47s[2m (transform 749ms, setup 2.00s, import 4.47s, tests 773ms, environment 5.60s)[22m

[1m[41m FAIL [49m[22m [31mTests failed. Watching for file changes...[39m
       [2mpress [22m[1mh[22m[2m to show help[22m[2m, [22m[2mpress [22m[1mq[22m[2m to quit[22m
c[3J[1m[44m RERUN [49m[22m [34m[2msrc/components/screens/__tests__/AuthScreen.test.tsx [22m[34mx1 [34m[39m

 [31m❯[39m src/components/screens/__tests__/TasksKanban.test.tsx [2m([22m[2m5 tests[22m[2m | [22m[31m5 failed[39m[2m)[22m[32m 46[2mms[22m[39m
[31m     [31m×[31m should render the kanban board[39m[32m 28[2mms[22m[39m
[31m     [31m×[31m should render all kanban columns[39m[32m 4[2mms[22m[39m
[31m     [31m×[31m should display mock tasks in received column[39m[32m 4[2mms[22m[39m
[31m     [31m×[31m should have a new task button[39m[32m 3[2mms[22m[39m
[31m     [31m×[31m should display task priority correctly[39m[32m 4[2mms[22m[39m
 [31m❯[39m e2e/auth.spec.ts [2m([22m[2m0 test[22m[2m)[22m
 [31m❯[39m e2e/navigation.spec.ts [2m([22m[2m0 test[22m[2m)[22m
 [31m❯[39m src/components/screens/__tests__/AuthScreen.test.tsx [2m([22m[2m7 tests[22m[2m | [22m[31m2 failed[39m[2m)[22m[33m 1089[2mms[22m[39m
[31m     [31m×[31m should render login form by default[39m[33m 386[2mms[22m[39m
[31m     [31m×[31m should toggle between login and register modes[39m[33m 394[2mms[22m[39m
     [32m✓[39m should show Google sign-in button[32m 65[2mms[22m[39m
     [32m✓[39m should show password strength indicator in register mode[32m 71[2mms[22m[39m
     [32m✓[39m should require terms acceptance in register mode[32m 94[2mms[22m[39m
     [32m✓[39m should validate email input format[32m 42[2mms[22m[39m
     [32m✓[39m should validate password input type[32m 35[2mms[22m[39m

[31m⎯⎯⎯⎯⎯⎯⎯[39m[1m[41m Failed Tests 2 [49m[22m[31m⎯⎯⎯⎯⎯⎯⎯[39m

[41m[1m FAIL [22m[49m src/components/screens/__tests__/AuthScreen.test.tsx[2m > [22mAuthScreen[2m > [22mshould render login form by default
[31m[1mTestingLibraryElementError[22m[39m: Found multiple elements with the role "heading" and name `/guardião nacional/i`

Here are the matching elements:

Ignored nodes: comments, script, style
[36m<h1[39m
  [33mclass[39m=[32m"text-xl font-bold text-primary"[39m
[36m>[39m
  [0mGuardião Nacional[0m
[36m</h1>[39m

Ignored nodes: comments, script, style
[36m<h1[39m
  [33mclass[39m=[32m"text-2xl font-bold tracking-tight text-blue-900"[39m
[36m>[39m
  [0mGuardião Nacional[0m
[36m</h1>[39m

(If this is intentional, then use the `*AllBy*` variant of the query (like `queryAllByText`, `getAllByText`, or `findAllByText`)).

Ignored nodes: comments, script, style
[36m<body>[39m
  [36m<div>[39m
    [36m<div[39m
      [33mclass[39m=[32m"h-screen bg-background flex flex-col"[39m
    [36m>[39m
      [36m<div[39m
        [33mclass[39m=[32m"flex items-center justify-center pt-16 pb-8"[39m
      [36m>[39m
        [36m<div[39m
          [33mclass[39m=[32m"flex items-center space-x-3"[39m
        [36m>[39m
          [36m<div[39m
            [33mclass[39m=[32m"w-16 h-16 rounded-full flex items-center justify-center overflow-hidden"[39m
          [36m>[39m
            [36m<img[39m
              [33malt[39m=[32m"Logo"[39m
              [33mclass[39m=[32m"w-full h-full object-cover"[39m
              [33msrc[39m=[32m"/logo-new.jpg"[39m
            [36m/>[39m
          [36m</div>[39m
          [36m<div>[39m
            [36m<h1[39m
              [33mclass[39m=[32m"text-xl font-bold text-primary"[39m
            [36m>[39m
              [0mGuardião Nacional[0m
            [36m</h1>[39m
            [36m<p[39m
              [33mclass[39m=[32m"text-sm text-gray-600"[39m
            [36m>[39m
              [0mSua voz, sua comunidade[0m
            [36m</p>[39m
          [36m</div>[39m
        [36m</div>[39m
      [36m</div>[39m
      [36m<div[39m
        [33mclass[39m=[32m"flex-1 px-6"[39m
      [36m>[39m
        [36m<div[39m
          [33mclass[39m=[32m"max-w-sm mx-auto"[39m
        [36m>[39m
          [36m<div[39m
            [33mclass[39m=[32m"text-center"[39m
          [36m>[39m
            [36m<h1[39m
              [33mclass[39m=[32m"text-2xl font-bold tracking-tight text-blue-900"[39m
            [36m>[39m
              [0mGuardião Nacional[0m
            [36m</h1>[39m
            [36m<p[39m
              [33mclass[39m=[32m"text-gray-600"[39m
            [36m>[39m
              [0mAcesse sua conta para continuar[0m
            [36m</p>[39m
          [36m</div>[39m
          [36m<button[39m
            [33mclass[39m=[32m"inline-flex items-center justify-center gap-2 whitespace-nowrap rounded-md text-sm font-medium transition-all disabled:pointer-events-none disabled:opacity-50 [&_svg]:pointer-events-none [&_svg:not([class*='size-'])]:size-4 shrink-0 [&_svg]:shrink-0 outline-none focus-visible:border-ring focus-visible:ring-ring/50 focus-visible:ring-[3px] aria-invalid:ring-destructive/20 dark:aria-invalid:ring-destructive/40 aria-invalid:border-destructive bg-background text-foreground hover:bg-accent hover:text-accent-foreground dark:bg-input/30 dark:border-input dark:hover:bg-input/50 px-4 py-2 has-[>svg]:px-3 w-full mb-6 h-12 border-2"[39m
            [33mdata-slot[39m=[32m"button"[39m
            [33mtype[39m=[32m"button"[39m
          [36m>[39m
            [36m<svg[39m
              [33mclass[39m=[32m"w-5 h-5 mr-2"[39m
              [33mviewBox[39m=[32m"0 0 24 24"[39m
            [36m>[39m
              [36m<path[39m
                [33md[39m=[32m"M22.56 12.25c0-.78-.07-1.53-.2-2.25H12v4.26h5.92c-.26 1.37-1.04 2.53-2.21 3.31v2.77h3.57c2.08-1.92 3.28-4.74 3.28-8.09z"[39m
                [33mfill[39m=[32m"#4285F4"[39m
              [36m/>[39m
              [36m<path[39m
                [33md[39m=[32m"M12 23c2.97 0 5.46-.98 7.28-2.66l-3.57-2.77c-.98.66-2.23 1.06-3.71 1.06-2.86 0-5.29-1.93-6.16-4.53H2.18v2.84C3.99 20.53 7.7 23 12 23z"[39m
                [33mfill[39m=[32m"#34A853"[39m
              [36m/>[39m
              [36m<path[39m
                [33md[39m=[32m"M5.84 14.09c-.22-.66-.35-1.36-.35-2.09s.13-1.43.35-2.09V7.07H2.18C1.43 8.55 1 10.22 1 12s.43 3.45 1.18 4.93l2.85-2.22.81-.62z"[39m
                [33mfill[39m=[32m"#FBBC05"[39m
              [36m/>[39m
              [36m<path[39m
                [33md[39m=[32m"M12 5.38c1.62 0 3.06.56 4.21 1.64l3.15-3.15C17.45 2.09 14.97 1 12 1 7.7 1 3.99 3.47 2.18 7.07l3.66 2.84c.87-2.6 3.3-4.53 6.16-4.53z"[39m
                [33mfill[39m=[32m"#EA4335"[39m
              [36m/>[39m
            [36m</svg>[39m
            [0mContinuar com Google[0m
          [36m</button>[39m
          [36m<div[39m
            [33mclass[39m=[32m"relative mb-6"[39m
          [36m>[39m
            [36m<div[39m
              [33mclass[39m=[32m"bg-border shrink-0 data-[orientation=horizontal]:h-px data-[orientation=horizontal]:w-full data-[orientation=vertical]:h-full data-[orientation=vertical]:w-px"[39m
              [33mdata-orientation[39m=[32m"horizontal"[39m
              [33mdata-slot[39m=[32m"separator-root"[39m
              [33mrole[39m=[32m"none"[39m
            [36m/>[39m
            [36m<span[39m
              [33mclass[39m=[32m"absolute top-1/2 left-1/2 transform -translate-x-1/2 -translate-y-1/2 bg-background px-3 text-sm text-gray-500"[39m
            [36m>[39m
              [0mou[0m
            [36m</span>[39m
          [36m</div>[39m
          [36m<form[39m
            [33mclass[39m=[32m"space-y-4"[39m
          [36m>[39m
            [36m<div[39m
              [33mclass[39m=[32m"space-y-2"[39m
            [36m>[39m
              [36m<label[39m
                [33mclass[39m=[32m"flex items-center gap-2 text-sm leading-none font-medium select-none group-data-[disabled=true]:pointer-events-none group-data-[disabled=true]:opacity-50 peer-disabled:cursor-not-allowed peer-disabled:opacity-50"[39m
                [33mdata-slot[39m=[32m"label"[39m
                [33mfor[39m=[32m"email"[39m
              [36m>[39m
                [0mEmail[0m
              [36m</label>[39m
              [36m<input[39m
                [33mclass[39m=[32m"file:text-foreground placeholder:text-muted-foreground selection:bg-primary selection:text-primary-foreground dark:bg-input/30 border-input flex h-9 w-full min-w-0 rounded-md border px-3 py-1 text-base bg-input-background transition-[color,box-shadow] outline-none file:inline-flex file:h-7 file:border-0 file:bg-transparent file:text-sm file:font-medium disabled:pointer-events-none disabled:cursor-not-allowed disabled:opacity-50 md:text-sm focus-visible:border-ring focus-visible:ring-ring/50 focus-visible:ring-[3px] aria-invalid:ring-destructive/20 dark:aria-invalid:ring-destructive/40 aria-invalid:border-destructive"[39m
                [33mdata-slot[39m=[32m"input"[39m
                [33mid[39m=[32m"email"[39m
                [33mrequired[39m=[32m""[39m
                [33mtype[39m=[32m"email"[39m
                [33mvalue[39m=[32m""[39m
              [36m/>[39m
            [36m</div>[39m
            [36m<div[39m
              [33mclass[39m=[32m"space-y-2"[39m
            [36m>[39m
              [36m<label[39m
                [33mclass[39m=[32m"flex items-center gap-2 text-sm leading-none font-medium select-none group-data-[disabled=true]:pointer-events-none group-data-[disabled=true]:opacity-50 peer-disabled:cursor-not-allowed peer-disabled:opacity-50"[39m
                [33mdata-slot[39m=[32m"label"[39m
                [33mfor[39m=[32m"password"[39m
              [36m>[39m
                [0mSenha[0m
              [36m</label>[39m
              [36m<input[39m
                [33mclass[39m=[32m"file:text-foreground placeholder:text-muted-foreground selection:bg-primary selection:text-primary-foreground dark:bg-input/30 border-input flex h-9 w-full min-w-0 rounded-md border px-3 py-1 text-base bg-input-background transition-[color,box-shadow] outline-none file:inline-flex file:h-7 file:border-0 file:bg-transparent file:text-sm file:font-medium disabled:pointer-events-none disabled:cursor-not-allowed disabled:opacity-50 md:text-sm focus-visible:border-ring focus-visible:ring-ring/50 focus-visible:ring-[3px] aria-invalid:ring-destructive/20 dark:aria-invalid:ring-destructive/40 aria-invalid:border-destructive"[39m
                [33mdata-slot[39m=[32m"input"[39m
                [33mid[39m=[32m"password"[39m
                [33mrequired[39m=[32m""[39m
                [33mtype[39m=[32m"password"[39m
                [33mvalue[39m=[32m""[39m
              [36m/>[39m
            [36m</div>[39m
            [36m<div[39m
              [33mclass[39m=[32m"flex justify-end"[39m
            [36m>[39m
              [36m<button[39m
                [33mclass[39m=[32m"text-sm text-primary hover:underline"[39m
                [33mtype[39m=[32m"button"[39m
              [36m>[39m
                [0mEsqueceu sua senha?[0m
              [36m</button>[39m
            [36m</div>[39m
            [36m<button[39m
              [33mclass[39m=[32m"inline-flex items-center justify-center gap-2 whitespace-nowrap rounded-md text-sm font-medium transition-all disabled:pointer-events-none disabled:opacity-50 [&_svg]:pointer-events-none [&_svg:not([class*='size-'])]:size-4 shrink-0 [&_svg]:shrink-0 outline-none focus-visible:border-ring focus-visible:ring-ring/50 focus-visible:ring-[3px] aria-invalid:ring-destructive/20 dark:aria-invalid:ring-destructive/40 aria-invalid:border-destructive text-primary-foreground px-4 py-2 has-[>svg]:px-3 w-full h-12 bg-primary hover:bg-primary/90"[39m
              [33mdata-slot[39m=[32m"button"[39m
              [33mtype[39m=[32m"submit"[39m
            [36m>[39m
              [0mEntrar[0m
            [36m</button>[39m
          [36m</form>[39m
          [36m<div[39m
            [33mclass[39m=[32m"mt-6 text-center"[39m
          [36m>[39m
            [36m<p[39m
              [33mclass[39m=[32m"text-gray-600"[39m
            [36m>[39m
              [0mNão tem uma conta?[0m
              [0m [0m
              [36m<button[39m
                [33mclass[39m=[32m"text-primary hover:underline bg-transparent border-none cursor-pointer font-medium"[39m
              [36m>[39m
                [0mCriar conta[0m
              [36m</button>[39m
            [36m</p>[39m
          [36m</div>[39m
        [36m</div>[39m
      [36m</div>[39m
    [36m</div>[39m
  [36m</div>[39m
[36m</body>[39m
[90m [2m❯[22m Object.getElementError node_modules/@testing-library/dom/dist/config.js:[2m37:19[22m[39m
[90m [2m❯[22m getElementError node_modules/@testing-library/dom/dist/query-helpers.js:[2m20:35[22m[39m
[90m [2m❯[22m getMultipleElementsFoundError node_modules/@testing-library/dom/dist/query-helpers.js:[2m23:10[22m[39m
[90m [2m❯[22m node_modules/@testing-library/dom/dist/query-helpers.js:[2m55:13[22m[39m
[90m [2m❯[22m node_modules/@testing-library/dom/dist/query-helpers.js:[2m95:19[22m[39m
[36m [2m❯[22m src/components/screens/__tests__/AuthScreen.test.tsx:[2m14:23[22m[39m
    [90m 12| [39m        [34mrenderWithRouter[39m([33m<[39m[33mAuthScreen[39m [33m/[39m[33m>[39m)[33m;[39m
    [90m 13| [39m
    [90m 14| [39m        expect(screen.getByRole('heading', { name: /guardião nacional/…
    [90m   | [39m                      [31m^[39m
    [90m 15| [39m        expect(screen.getByRole('button', { name: /entrar/i })).toBeIn…
    [90m 16| [39m        [34mexpect[39m(screen[33m.[39m[34mgetByLabelText[39m([36m/email/i[39m))[33m.[39m[34mtoBeInTheDocument[39m()[33m;[39m

[31m[2m⎯⎯⎯⎯⎯⎯⎯⎯⎯⎯⎯⎯⎯⎯⎯⎯⎯⎯⎯⎯⎯⎯⎯⎯[1/2]⎯[22m[39m

[41m[1m FAIL [22m[49m src/components/screens/__tests__/AuthScreen.test.tsx[2m > [22mAuthScreen[2m > [22mshould toggle between login and register modes
[31m[1mTestingLibraryElementError[22m[39m: Unable to find an accessible element with the role "heading" and name `/criar conta/i`

Here are the accessible roles:

  img:

  Name "Logo":
  [36m<img[39m
    [33malt[39m=[32m"Logo"[39m
    [33mclass[39m=[32m"w-full h-full object-cover"[39m
    [33msrc[39m=[32m"/logo-new.jpg"[39m
  [36m/>[39m

  --------------------------------------------------
  heading:

  Name "Guardião Nacional":
  [36m<h1[39m
    [33mclass[39m=[32m"text-xl font-bold text-primary"[39m
  [36m/>[39m

  Name "Guardião Nacional":
  [36m<h1[39m
    [33mclass[39m=[32m"text-2xl font-bold tracking-tight text-blue-900"[39m
  [36m/>[39m

  --------------------------------------------------
  paragraph:

  Name "":
  [36m<p[39m
    [33mclass[39m=[32m"text-sm text-gray-600"[39m
  [36m/>[39m

  Name "":
  [36m<p[39m
    [33mclass[39m=[32m"text-gray-600"[39m
  [36m/>[39m

  Name "":
  [36m<p[39m
    [33mclass[39m=[32m"text-xs text-gray-500 mt-1"[39m
  [36m/>[39m

  Name "":
  [36m<p[39m
    [33mclass[39m=[32m"text-gray-600"[39m
  [36m/>[39m

  --------------------------------------------------
  button:

  Name "Continuar com Google":
  [36m<button[39m
    [33mclass[39m=[32m"inline-flex items-center justify-center gap-2 whitespace-nowrap rounded-md text-sm font-medium transition-all disabled:pointer-events-none disabled:opacity-50 [&_svg]:pointer-events-none [&_svg:not([class*='size-'])]:size-4 shrink-0 [&_svg]:shrink-0 outline-none focus-visible:border-ring focus-visible:ring-ring/50 focus-visible:ring-[3px] aria-invalid:ring-destructive/20 dark:aria-invalid:ring-destructive/40 aria-invalid:border-destructive bg-background text-foreground hover:bg-accent hover:text-accent-foreground dark:bg-input/30 dark:border-input dark:hover:bg-input/50 px-4 py-2 has-[>svg]:px-3 w-full mb-6 h-12 border-2"[39m
    [33mdata-slot[39m=[32m"button"[39m
    [33mtype[39m=[32m"button"[39m
  [36m/>[39m

  Name "Cadastrar":
  [36m<button[39m
    [33mclass[39m=[32m"inline-flex items-center justify-center gap-2 whitespace-nowrap rounded-md text-sm font-medium transition-all disabled:pointer-events-none disabled:opacity-50 [&_svg]:pointer-events-none [&_svg:not([class*='size-'])]:size-4 shrink-0 [&_svg]:shrink-0 outline-none focus-visible:border-ring focus-visible:ring-ring/50 focus-visible:ring-[3px] aria-invalid:ring-destructive/20 dark:aria-invalid:ring-destructive/40 aria-invalid:border-destructive text-primary-foreground px-4 py-2 has-[>svg]:px-3 w-full h-12 bg-primary hover:bg-primary/90"[39m
    [33mdata-slot[39m=[32m"button"[39m
    [33mtype[39m=[32m"submit"[39m
  [36m/>[39m

  Name "Fazer login":
  [36m<button[39m
    [33mclass[39m=[32m"text-primary hover:underline bg-transparent border-none cursor-pointer font-medium"[39m
  [36m/>[39m

  --------------------------------------------------
  none:

  Name "":
  [36m<div[39m
    [33mclass[39m=[32m"bg-border shrink-0 data-[orientation=horizontal]:h-px data-[orientation=horizontal]:w-full data-[orientation=vertical]:h-full data-[orientation=vertical]:w-px"[39m
    [33mdata-orientation[39m=[32m"horizontal"[39m
    [33mdata-slot[39m=[32m"separator-root"[39m
    [33mrole[39m=[32m"none"[39m
  [36m/>[39m

  --------------------------------------------------
  textbox:

  Name "Nome":
  [36m<input[39m
    [33mclass[39m=[32m"file:text-foreground placeholder:text-muted-foreground selection:bg-primary selection:text-primary-foreground dark:bg-input/30 border-input flex h-9 w-full min-w-0 rounded-md border px-3 py-1 text-base bg-input-background transition-[color,box-shadow] outline-none file:inline-flex file:h-7 file:border-0 file:bg-transparent file:text-sm file:font-medium disabled:pointer-events-none disabled:cursor-not-allowed disabled:opacity-50 md:text-sm focus-visible:border-ring focus-visible:ring-ring/50 focus-visible:ring-[3px] aria-invalid:ring-destructive/20 dark:aria-invalid:ring-destructive/40 aria-invalid:border-destructive"[39m
    [33mdata-slot[39m=[32m"input"[39m
    [33mid[39m=[32m"firstName"[39m
    [33mrequired[39m=[32m""[39m
    [33mtype[39m=[32m"text"[39m
    [33mvalue[39m=[32m""[39m
  [36m/>[39m

  Name "Sobrenome":
  [36m<input[39m
    [33mclass[39m=[32m"file:text-foreground placeholder:text-muted-foreground selection:bg-primary selection:text-primary-foreground dark:bg-input/30 border-input flex h-9 w-full min-w-0 rounded-md border px-3 py-1 text-base bg-input-background transition-[color,box-shadow] outline-none file:inline-flex file:h-7 file:border-0 file:bg-transparent file:text-sm file:font-medium disabled:pointer-events-none disabled:cursor-not-allowed disabled:opacity-50 md:text-sm focus-visible:border-ring focus-visible:ring-ring/50 focus-visible:ring-[3px] aria-invalid:ring-destructive/20 dark:aria-invalid:ring-destructive/40 aria-invalid:border-destructive"[39m
    [33mdata-slot[39m=[32m"input"[39m
    [33mid[39m=[32m"lastName"[39m
    [33mrequired[39m=[32m""[39m
    [33mtype[39m=[32m"text"[39m
    [33mvalue[39m=[32m""[39m
  [36m/>[39m

  Name "Email":
  [36m<input[39m
    [33mclass[39m=[32m"file:text-foreground placeholder:text-muted-foreground selection:bg-primary selection:text-primary-foreground dark:bg-input/30 border-input flex h-9 w-full min-w-0 rounded-md border px-3 py-1 text-base bg-input-background transition-[color,box-shadow] outline-none file:inline-flex file:h-7 file:border-0 file:bg-transparent file:text-sm file:font-medium disabled:pointer-events-none disabled:cursor-not-allowed disabled:opacity-50 md:text-sm focus-visible:border-ring focus-visible:ring-ring/50 focus-visible:ring-[3px] aria-invalid:ring-destructive/20 dark:aria-invalid:ring-destructive/40 aria-invalid:border-destructive"[39m
    [33mdata-slot[39m=[32m"input"[39m
    [33mid[39m=[32m"email"[39m
    [33mrequired[39m=[32m""[39m
    [33mtype[39m=[32m"email"[39m
    [33mvalue[39m=[32m""[39m
  [36m/>[39m

  --------------------------------------------------
  checkbox:

  Name "Aceito os Termos de Uso , Política e o Consentimento de Dados":
  [36m<input[39m
    [33mclass[39m=[32m"mt-1 h-4 w-4 rounded border-gray-300 "[39m
    [33mid[39m=[32m"acceptTerms"[39m
    [33mtype[39m=[32m"checkbox"[39m
  [36m/>[39m

  --------------------------------------------------
  link:

  Name "Termos de Uso":
  [36m<a[39m
    [33mclass[39m=[32m"text-primary hover:underline inline-flex items-center"[39m
    [33mhref[39m=[32m"https://guardiao-nacional.web.app/legal.html#termos"[39m
    [33mrel[39m=[32m"noopener noreferrer"[39m
    [33mtarget[39m=[32m"_blank"[39m
  [36m/>[39m

  Name "Política":
  [36m<a[39m
    [33mclass[39m=[32m"text-primary hover:underline inline-flex items-center"[39m
    [33mhref[39m=[32m"https://guardiao-nacional.web.app/legal.html#privacidade"[39m
    [33mrel[39m=[32m"noopener noreferrer"[39m
    [33mtarget[39m=[32m"_blank"[39m
  [36m/>[39m

  Name "Consentimento de Dados":
  [36m<a[39m
    [33mclass[39m=[32m"text-primary hover:underline inline-flex items-center"[39m
    [33mhref[39m=[32m"https://guardiao-nacional.web.app/legal.html#consentimento"[39m
    [33mrel[39m=[32m"noopener noreferrer"[39m
    [33mtarget[39m=[32m"_blank"[39m
  [36m/>[39m

  --------------------------------------------------

Ignored nodes: comments, script, style
[36m<body>[39m
  [36m<div>[39m
    [36m<div[39m
      [33mclass[39m=[32m"h-screen bg-background flex flex-col"[39m
    [36m>[39m
      [36m<div[39m
        [33mclass[39m=[32m"flex items-center justify-center pt-16 pb-8"[39m
      [36m>[39m
        [36m<div[39m
          [33mclass[39m=[32m"flex items-center space-x-3"[39m
        [36m>[39m
          [36m<div[39m
            [33mclass[39m=[32m"w-16 h-16 rounded-full flex items-center justify-center overflow-hidden"[39m
          [36m>[39m
            [36m<img[39m
              [33malt[39m=[32m"Logo"[39m
              [33mclass[39m=[32m"w-full h-full object-cover"[39m
              [33msrc[39m=[32m"/logo-new.jpg"[39m
            [36m/>[39m
          [36m</div>[39m
          [36m<div>[39m
            [36m<h1[39m
              [33mclass[39m=[32m"text-xl font-bold text-primary"[39m
            [36m>[39m
              [0mGuardião Nacional[0m
            [36m</h1>[39m
            [36m<p[39m
              [33mclass[39m=[32m"text-sm text-gray-600"[39m
            [36m>[39m
              [0mSua voz, sua comunidade[0m
            [36m</p>[39m
          [36m</div>[39m
        [36m</div>[39m
      [36m</div>[39m
      [36m<div[39m
        [33mclass[39m=[32m"flex-1 px-6"[39m
      [36m>[39m
        [36m<div[39m
          [33mclass[39m=[32m"max-w-sm mx-auto"[39m
        [36m>[39m
          [36m<div[39m
            [33mclass[39m=[32m"text-center"[39m
          [36m>[39m
            [36m<h1[39m
              [33mclass[39m=[32m"text-2xl font-bold tracking-tight text-blue-900"[39m
            [36m>[39m
              [0mGuardião Nacional[0m
            [36m</h1>[39m
            [36m<p[39m
              [33mclass[39m=[32m"text-gray-600"[39m
            [36m>[39m
              [0mJunte-se à nossa comunidade[0m
            [36m</p>[39m
          [36m</div>[39m
          [36m<button[39m
            [33mclass[39m=[32m"inline-flex items-center justify-center gap-2 whitespace-nowrap rounded-md text-sm font-medium transition-all disabled:pointer-events-none disabled:opacity-50 [&_svg]:pointer-events-none [&_svg:not([class*='size-'])]:size-4 shrink-0 [&_svg]:shrink-0 outline-none focus-visible:border-ring focus-visible:ring-ring/50 focus-visible:ring-[3px] aria-invalid:ring-destructive/20 dark:aria-invalid:ring-destructive/40 aria-invalid:border-destructive bg-background text-foreground hover:bg-accent hover:text-accent-foreground dark:bg-input/30 dark:border-input dark:hover:bg-input/50 px-4 py-2 has-[>svg]:px-3 w-full mb-6 h-12 border-2"[39m
            [33mdata-slot[39m=[32m"button"[39m
            [33mtype[39m=[32m"button"[39m
          [36m>[39m
            [36m<svg[39m
              [33mclass[39m=[32m"w-5 h-5 mr-2"[39m
              [33mviewBox[39m=[32m"0 0 24 24"[39m
            [36m>[39m
              [36m<path[39m
                [33md[39m=[32m"M22.56 12.25c0-.78-.07-1.53-.2-2.25H12v4.26h5.92c-.26 1.37-1.04 2.53-2.21 3.31v2.77h3.57c2.08-1.92 3.28-4.74 3.28-8.09z"[39m
                [33mfill[39m=[32m"#4285F4"[39m
              [36m/>[39m
              [36m<path[39m
                [33md[39m=[32m"M12 23c2.97 0 5.46-.98 7.28-2.66l-3.57-2.77c-.98.66-2.23 1.06-3.71 1.06-2.86 0-5.29-1.93-6.16-4.53H2.18v2.84C3.99 20.53 7.7 23 12 23z"[39m
                [33mfill[39m=[32m"#34A853"[39m
              [36m/>[39m
              [36m<path[39m
                [33md[39m=[32m"M5.84 14.09c-.22-.66-.35-1.36-.35-2.09s.13-1.43.35-2.09V7.07H2.18C1.43 8.55 1 10.22 1 12s.43 3.45 1.18 4.93l2.85-2.22.81-.62z"[39m
                [33mfill[39m=[32m"#FBBC05"[39m
              [36m/>[39m
              [36m<path[39m
                [33md[39m=[32m"M12 5.38c1.62 0 3.06.56 4.21 1.64l3.15-3.15C17.45 2.09 14.97 1 12 1 7.7 1 3.99 3.47 2.18 7.07l3.66 2.84c.87-2.6 3.3-4.53 6.16-4.53z"[39m
                [33mfill[39m=[32m"#EA4335"[39m
              [36m/>[39m
            [36m</svg>[39m
            [0mContinuar com Google[0m
          [36m</button>[39m
          [36m<div[39m
            [33mclass[39m=[32m"relative mb-6"[39m
          [36m>[39m
            [36m<div[39m
              [33mclass[39m=[32m"bg-border shrink-0 data-[orientation=horizontal]:h-px data-[orientation=horizontal]:w-full data-[orientation=vertical]:h-full data-[orientation=vertical]:w-px"[39m
              [33mdata-orientation[39m=[32m"horizontal"[39m
              [33mdata-slot[39m=[32m"separator-root"[39m
              [33mrole[39m=[32m"none"[39m
            [36m/>[39m
            [36m<span[39m
              [33mclass[39m=[32m"absolute top-1/2 left-1/2 transform -translate-x-1/2 -translate-y-1/2 bg-background px-3 text-sm text-gray-500"[39m
            [36m>[39m
              [0mou[0m
            [36m</span>[39m
          [36m</div>[39m
          [36m<form[39m
            [33mclass[39m=[32m"space-y-4"[39m
          [36m>[39m
            [36m<div[39m
              [33mclass[39m=[32m"space-y-2"[39m
            [36m>[39m
              [36m<label[39m
                [33mclass[39m=[32m"flex items-center gap-2 text-sm leading-none font-medium select-none group-data-[disabled=true]:pointer-events-none group-data-[disabled=true]:opacity-50 peer-disabled:cursor-not-allowed peer-disabled:opacity-50"[39m
                [33mdata-slot[39m=[32m"label"[39m
                [33mfor[39m=[32m"firstName"[39m
              [36m>[39m
                [0mNome[0m
              [36m</label>[39m
              [36m<input[39m
                [33mclass[39m=[32m"file:text-foreground placeholder:text-muted-foreground selection:bg-primary selection:text-primary-foreground dark:bg-input/30 border-input flex h-9 w-full min-w-0 rounded-md border px-3 py-1 text-base bg-input-background transition-[color,box-shadow] outline-none file:inline-flex file:h-7 file:border-0 file:bg-transparent file:text-sm file:font-medium disabled:pointer-events-none disabled:cursor-not-allowed disabled:opacity-50 md:text-sm focus-visible:border-ring focus-visible:ring-ring/50 focus-visible:ring-[3px] aria-invalid:ring-destructive/20 dark:aria-invalid:ring-destructive/40 aria-invalid:border-destructive"[39m
                [33mdata-slot[39m=[32m"input"[39m
                [33mid[39m=[32m"firstName"[39m
                [33mrequired[39m=[32m""[39m
                [33mtype[39m=[32m"text"[39m
                [33mvalue[39m=[32m""[39m
              [36m/>[39m
            [36m</div>[39m
            [36m<div[39m
              [33mclass[39m=[32m"space-y-2"[39m
            [36m>[39m
              [36m<label[39m
                [33mclass[39m=[32m"flex items-center gap-2 text-sm leading-none font-medium select-none group-data-[disabled=true]:pointer-events-none group-data-[disabled=true]:opacity-50 peer-disabled:cursor-not-allowed peer-disable...
[90m [2m❯[22m Object.getElementError node_modules/@testing-library/dom/dist/config.js:[2m37:19[22m[39m
[90m [2m❯[22m node_modules/@testing-library/dom/dist/query-helpers.js:[2m76:38[22m[39m
[90m [2m❯[22m node_modules/@testing-library/dom/dist/query-helpers.js:[2m52:17[22m[39m
[90m [2m❯[22m node_modules/@testing-library/dom/dist/query-helpers.js:[2m95:19[22m[39m
[36m [2m❯[22m src/components/screens/__tests__/AuthScreen.test.tsx:[2m31:23[22m[39m
    [90m 29| [39m
    [90m 30| [39m        [90m// Now in register mode[39m
    [90m 31| [39m        expect(screen.getByRole('heading', { name: /criar conta/i })).…
    [90m   | [39m                      [31m^[39m
    [90m 32| [39m        [34mexpect[39m(screen[33m.[39m[34mgetByLabelText[39m([32m'Nome'[39m))[33m.[39m[34mtoBeInTheDocument[39m()[33m;[39m
    [90m 33| [39m        [34mexpect[39m(screen[33m.[39m[34mgetByLabelText[39m([32m'Sobrenome'[39m))[33m.[39m[34mtoBeInTheDocument[39m()[33m;[39m

[31m[2m⎯⎯⎯⎯⎯⎯⎯⎯⎯⎯⎯⎯⎯⎯⎯⎯⎯⎯⎯⎯⎯⎯⎯⎯[2/2]⎯[22m[39m


[2m Test Files [22m [1m[31m4 failed[39m[22m[90m (4)[39m
[2m      Tests [22m [1m[31m7 failed[39m[22m[2m | [22m[1m[32m5 passed[39m[22m[90m (12)[39m
[2m   Start at [22m 16:51:06
[2m   Duration [22m 1.83s

[1m[41m FAIL [49m[22m [31mTests failed. Watching for file changes...[39m
       [2mpress [22m[1mh[22m[2m to show help[22m[2m, [22m[2mpress [22m[1mq[22m[2m to quit[22m
c[3J[1m[44m RERUN [49m[22m [34m[2msrc/components/screens/__tests__/AuthScreen.test.tsx [22m[34mx2 [34m[39m

 [31m❯[39m src/components/screens/__tests__/TasksKanban.test.tsx [2m([22m[2m5 tests[22m[2m | [22m[31m5 failed[39m[2m)[22m[32m 46[2mms[22m[39m
[31m     [31m×[31m should render the kanban board[39m[32m 28[2mms[22m[39m
[31m     [31m×[31m should render all kanban columns[39m[32m 4[2mms[22m[39m
[31m     [31m×[31m should display mock tasks in received column[39m[32m 4[2mms[22m[39m
[31m     [31m×[31m should have a new task button[39m[32m 3[2mms[22m[39m
[31m     [31m×[31m should display task priority correctly[39m[32m 4[2mms[22m[39m
 [31m❯[39m e2e/auth.spec.ts [2m([22m[2m0 test[22m[2m)[22m
 [31m❯[39m e2e/navigation.spec.ts [2m([22m[2m0 test[22m[2m)[22m
 [31m❯[39m src/components/screens/__tests__/AuthScreen.test.tsx [2m([22m[2m7 tests[22m[2m | [22m[31m1 failed[39m[2m)[22m[33m 992[2mms[22m[39m
[31m     [31m×[31m should render login form by default[39m[33m 355[2mms[22m[39m
     [33m[2m✓[22m[39m should toggle between login and register modes [33m 309[2mms[22m[39m
     [32m✓[39m should show Google sign-in button[32m 106[2mms[22m[39m
     [32m✓[39m should show password strength indicator in register mode[32m 101[2mms[22m[39m
     [32m✓[39m should require terms acceptance in register mode[32m 88[2mms[22m[39m
     [32m✓[39m should validate email input format[32m 17[2mms[22m[39m
     [32m✓[39m should validate password input type[32m 14[2mms[22m[39m

[31m⎯⎯⎯⎯⎯⎯⎯[39m[1m[41m Failed Tests 1 [49m[22m[31m⎯⎯⎯⎯⎯⎯⎯[39m

[41m[1m FAIL [22m[49m src/components/screens/__tests__/AuthScreen.test.tsx[2m > [22mAuthScreen[2m > [22mshould render login form by default
[31m[1mTestingLibraryElementError[22m[39m: Found multiple elements with the role "heading" and name `/guardião nacional/i`

Here are the matching elements:

Ignored nodes: comments, script, style
[36m<h1[39m
  [33mclass[39m=[32m"text-xl font-bold text-primary"[39m
[36m>[39m
  [0mGuardião Nacional[0m
[36m</h1>[39m

Ignored nodes: comments, script, style
[36m<h1[39m
  [33mclass[39m=[32m"text-2xl font-bold tracking-tight text-blue-900"[39m
[36m>[39m
  [0mGuardião Nacional[0m
[36m</h1>[39m

(If this is intentional, then use the `*AllBy*` variant of the query (like `queryAllByText`, `getAllByText`, or `findAllByText`)).

Ignored nodes: comments, script, style
[36m<body>[39m
  [36m<div>[39m
    [36m<div[39m
      [33mclass[39m=[32m"h-screen bg-background flex flex-col"[39m
    [36m>[39m
      [36m<div[39m
        [33mclass[39m=[32m"flex items-center justify-center pt-16 pb-8"[39m
      [36m>[39m
        [36m<div[39m
          [33mclass[39m=[32m"flex items-center space-x-3"[39m
        [36m>[39m
          [36m<div[39m
            [33mclass[39m=[32m"w-16 h-16 rounded-full flex items-center justify-center overflow-hidden"[39m
          [36m>[39m
            [36m<img[39m
              [33malt[39m=[32m"Logo"[39m
              [33mclass[39m=[32m"w-full h-full object-cover"[39m
              [33msrc[39m=[32m"/logo-new.jpg"[39m
            [36m/>[39m
          [36m</div>[39m
          [36m<div>[39m
            [36m<h1[39m
              [33mclass[39m=[32m"text-xl font-bold text-primary"[39m
            [36m>[39m
              [0mGuardião Nacional[0m
            [36m</h1>[39m
            [36m<p[39m
              [33mclass[39m=[32m"text-sm text-gray-600"[39m
            [36m>[39m
              [0mSua voz, sua comunidade[0m
            [36m</p>[39m
          [36m</div>[39m
        [36m</div>[39m
      [36m</div>[39m
      [36m<div[39m
        [33mclass[39m=[32m"flex-1 px-6"[39m
      [36m>[39m
        [36m<div[39m
          [33mclass[39m=[32m"max-w-sm mx-auto"[39m
        [36m>[39m
          [36m<div[39m
            [33mclass[39m=[32m"text-center"[39m
          [36m>[39m
            [36m<h1[39m
              [33mclass[39m=[32m"text-2xl font-bold tracking-tight text-blue-900"[39m
            [36m>[39m
              [0mGuardião Nacional[0m
            [36m</h1>[39m
            [36m<p[39m
              [33mclass[39m=[32m"text-gray-600"[39m
            [36m>[39m
              [0mAcesse sua conta para continuar[0m
            [36m</p>[39m
          [36m</div>[39m
          [36m<button[39m
            [33mclass[39m=[32m"inline-flex items-center justify-center gap-2 whitespace-nowrap rounded-md text-sm font-medium transition-all disabled:pointer-events-none disabled:opacity-50 [&_svg]:pointer-events-none [&_svg:not([class*='size-'])]:size-4 shrink-0 [&_svg]:shrink-0 outline-none focus-visible:border-ring focus-visible:ring-ring/50 focus-visible:ring-[3px] aria-invalid:ring-destructive/20 dark:aria-invalid:ring-destructive/40 aria-invalid:border-destructive bg-background text-foreground hover:bg-accent hover:text-accent-foreground dark:bg-input/30 dark:border-input dark:hover:bg-input/50 px-4 py-2 has-[>svg]:px-3 w-full mb-6 h-12 border-2"[39m
            [33mdata-slot[39m=[32m"button"[39m
            [33mtype[39m=[32m"button"[39m
          [36m>[39m
            [36m<svg[39m
              [33mclass[39m=[32m"w-5 h-5 mr-2"[39m
              [33mviewBox[39m=[32m"0 0 24 24"[39m
            [36m>[39m
              [36m<path[39m
                [33md[39m=[32m"M22.56 12.25c0-.78-.07-1.53-.2-2.25H12v4.26h5.92c-.26 1.37-1.04 2.53-2.21 3.31v2.77h3.57c2.08-1.92 3.28-4.74 3.28-8.09z"[39m
                [33mfill[39m=[32m"#4285F4"[39m
              [36m/>[39m
              [36m<path[39m
                [33md[39m=[32m"M12 23c2.97 0 5.46-.98 7.28-2.66l-3.57-2.77c-.98.66-2.23 1.06-3.71 1.06-2.86 0-5.29-1.93-6.16-4.53H2.18v2.84C3.99 20.53 7.7 23 12 23z"[39m
                [33mfill[39m=[32m"#34A853"[39m
              [36m/>[39m
              [36m<path[39m
                [33md[39m=[32m"M5.84 14.09c-.22-.66-.35-1.36-.35-2.09s.13-1.43.35-2.09V7.07H2.18C1.43 8.55 1 10.22 1 12s.43 3.45 1.18 4.93l2.85-2.22.81-.62z"[39m
                [33mfill[39m=[32m"#FBBC05"[39m
              [36m/>[39m
              [36m<path[39m
                [33md[39m=[32m"M12 5.38c1.62 0 3.06.56 4.21 1.64l3.15-3.15C17.45 2.09 14.97 1 12 1 7.7 1 3.99 3.47 2.18 7.07l3.66 2.84c.87-2.6 3.3-4.53 6.16-4.53z"[39m
                [33mfill[39m=[32m"#EA4335"[39m
              [36m/>[39m
            [36m</svg>[39m
            [0mContinuar com Google[0m
          [36m</button>[39m
          [36m<div[39m
            [33mclass[39m=[32m"relative mb-6"[39m
          [36m>[39m
            [36m<div[39m
              [33mclass[39m=[32m"bg-border shrink-0 data-[orientation=horizontal]:h-px data-[orientation=horizontal]:w-full data-[orientation=vertical]:h-full data-[orientation=vertical]:w-px"[39m
              [33mdata-orientation[39m=[32m"horizontal"[39m
              [33mdata-slot[39m=[32m"separator-root"[39m
              [33mrole[39m=[32m"none"[39m
            [36m/>[39m
            [36m<span[39m
              [33mclass[39m=[32m"absolute top-1/2 left-1/2 transform -translate-x-1/2 -translate-y-1/2 bg-background px-3 text-sm text-gray-500"[39m
            [36m>[39m
              [0mou[0m
            [36m</span>[39m
          [36m</div>[39m
          [36m<form[39m
            [33mclass[39m=[32m"space-y-4"[39m
          [36m>[39m
            [36m<div[39m
              [33mclass[39m=[32m"space-y-2"[39m
            [36m>[39m
              [36m<label[39m
                [33mclass[39m=[32m"flex items-center gap-2 text-sm leading-none font-medium select-none group-data-[disabled=true]:pointer-events-none group-data-[disabled=true]:opacity-50 peer-disabled:cursor-not-allowed peer-disabled:opacity-50"[39m
                [33mdata-slot[39m=[32m"label"[39m
                [33mfor[39m=[32m"email"[39m
              [36m>[39m
                [0mEmail[0m
              [36m</label>[39m
              [36m<input[39m
                [33mclass[39m=[32m"file:text-foreground placeholder:text-muted-foreground selection:bg-primary selection:text-primary-foreground dark:bg-input/30 border-input flex h-9 w-full min-w-0 rounded-md border px-3 py-1 text-base bg-input-background transition-[color,box-shadow] outline-none file:inline-flex file:h-7 file:border-0 file:bg-transparent file:text-sm file:font-medium disabled:pointer-events-none disabled:cursor-not-allowed disabled:opacity-50 md:text-sm focus-visible:border-ring focus-visible:ring-ring/50 focus-visible:ring-[3px] aria-invalid:ring-destructive/20 dark:aria-invalid:ring-destructive/40 aria-invalid:border-destructive"[39m
                [33mdata-slot[39m=[32m"input"[39m
                [33mid[39m=[32m"email"[39m
                [33mrequired[39m=[32m""[39m
                [33mtype[39m=[32m"email"[39m
                [33mvalue[39m=[32m""[39m
              [36m/>[39m
            [36m</div>[39m
            [36m<div[39m
              [33mclass[39m=[32m"space-y-2"[39m
            [36m>[39m
              [36m<label[39m
                [33mclass[39m=[32m"flex items-center gap-2 text-sm leading-none font-medium select-none group-data-[disabled=true]:pointer-events-none group-data-[disabled=true]:opacity-50 peer-disabled:cursor-not-allowed peer-disabled:opacity-50"[39m
                [33mdata-slot[39m=[32m"label"[39m
                [33mfor[39m=[32m"password"[39m
              [36m>[39m
                [0mSenha[0m
              [36m</label>[39m
              [36m<input[39m
                [33mclass[39m=[32m"file:text-foreground placeholder:text-muted-foreground selection:bg-primary selection:text-primary-foreground dark:bg-input/30 border-input flex h-9 w-full min-w-0 rounded-md border px-3 py-1 text-base bg-input-background transition-[color,box-shadow] outline-none file:inline-flex file:h-7 file:border-0 file:bg-transparent file:text-sm file:font-medium disabled:pointer-events-none disabled:cursor-not-allowed disabled:opacity-50 md:text-sm focus-visible:border-ring focus-visible:ring-ring/50 focus-visible:ring-[3px] aria-invalid:ring-destructive/20 dark:aria-invalid:ring-destructive/40 aria-invalid:border-destructive"[39m
                [33mdata-slot[39m=[32m"input"[39m
                [33mid[39m=[32m"password"[39m
                [33mrequired[39m=[32m""[39m
                [33mtype[39m=[32m"password"[39m
                [33mvalue[39m=[32m""[39m
              [36m/>[39m
            [36m</div>[39m
            [36m<div[39m
              [33mclass[39m=[32m"flex justify-end"[39m
            [36m>[39m
              [36m<button[39m
                [33mclass[39m=[32m"text-sm text-primary hover:underline"[39m
                [33mtype[39m=[32m"button"[39m
              [36m>[39m
                [0mEsqueceu sua senha?[0m
              [36m</button>[39m
            [36m</div>[39m
            [36m<button[39m
              [33mclass[39m=[32m"inline-flex items-center justify-center gap-2 whitespace-nowrap rounded-md text-sm font-medium transition-all disabled:pointer-events-none disabled:opacity-50 [&_svg]:pointer-events-none [&_svg:not([class*='size-'])]:size-4 shrink-0 [&_svg]:shrink-0 outline-none focus-visible:border-ring focus-visible:ring-ring/50 focus-visible:ring-[3px] aria-invalid:ring-destructive/20 dark:aria-invalid:ring-destructive/40 aria-invalid:border-destructive text-primary-foreground px-4 py-2 has-[>svg]:px-3 w-full h-12 bg-primary hover:bg-primary/90"[39m
              [33mdata-slot[39m=[32m"button"[39m
              [33mtype[39m=[32m"submit"[39m
            [36m>[39m
              [0mEntrar[0m
            [36m</button>[39m
          [36m</form>[39m
          [36m<div[39m
            [33mclass[39m=[32m"mt-6 text-center"[39m
          [36m>[39m
            [36m<p[39m
              [33mclass[39m=[32m"text-gray-600"[39m
            [36m>[39m
              [0mNão tem uma conta?[0m
              [0m [0m
              [36m<button[39m
                [33mclass[39m=[32m"text-primary hover:underline bg-transparent border-none cursor-pointer font-medium"[39m
              [36m>[39m
                [0mCriar conta[0m
              [36m</button>[39m
            [36m</p>[39m
          [36m</div>[39m
        [36m</div>[39m
      [36m</div>[39m
    [36m</div>[39m
  [36m</div>[39m
[36m</body>[39m
[90m [2m❯[22m Object.getElementError node_modules/@testing-library/dom/dist/config.js:[2m37:19[22m[39m
[90m [2m❯[22m getElementError node_modules/@testing-library/dom/dist/query-helpers.js:[2m20:35[22m[39m
[90m [2m❯[22m getMultipleElementsFoundError node_modules/@testing-library/dom/dist/query-helpers.js:[2m23:10[22m[39m
[90m [2m❯[22m node_modules/@testing-library/dom/dist/query-helpers.js:[2m55:13[22m[39m
[90m [2m❯[22m node_modules/@testing-library/dom/dist/query-helpers.js:[2m95:19[22m[39m
[36m [2m❯[22m src/components/screens/__tests__/AuthScreen.test.tsx:[2m14:23[22m[39m
    [90m 12| [39m        [34mrenderWithRouter[39m([33m<[39m[33mAuthScreen[39m [33m/[39m[33m>[39m)[33m;[39m
    [90m 13| [39m
    [90m 14| [39m        expect(screen.getByRole('heading', { name: /guardião nacional/…
    [90m   | [39m                      [31m^[39m
    [90m 15| [39m        expect(screen.getByRole('button', { name: /entrar/i })).toBeIn…
    [90m 16| [39m        [34mexpect[39m(screen[33m.[39m[34mgetByLabelText[39m([36m/email/i[39m))[33m.[39m[34mtoBeInTheDocument[39m()[33m;[39m

[31m[2m⎯⎯⎯⎯⎯⎯⎯⎯⎯⎯⎯⎯⎯⎯⎯⎯⎯⎯⎯⎯⎯⎯⎯⎯[1/1]⎯[22m[39m


[2m Test Files [22m [1m[31m4 failed[39m[22m[90m (4)[39m
[2m      Tests [22m [1m[31m6 failed[39m[22m[2m | [22m[1m[32m6 passed[39m[22m[90m (12)[39m
[2m   Start at [22m 16:51:27
[2m   Duration [22m 1.86s

[1m[41m FAIL [49m[22m [31mTests failed. Watching for file changes...[39m
       [2mpress [22m[1mh[22m[2m to show help[22m[2m, [22m[2mpress [22m[1mq[22m[2m to quit[22m
c[3J[1m[44m RERUN [49m[22m [34m[2msrc/components/screens/__tests__/TasksKanban.test.tsx [22m[34mx1 [34m[39m

 [31m❯[39m src/components/screens/__tests__/AuthScreen.test.tsx [2m([22m[2m7 tests[22m[2m | [22m[31m1 failed[39m[2m)[22m[33m 992[2mms[22m[39m
[31m     [31m×[31m should render login form by default[39m[33m 355[2mms[22m[39m
     [33m[2m✓[22m[39m should toggle between login and register modes [33m 309[2mms[22m[39m
     [32m✓[39m should show Google sign-in button[32m 106[2mms[22m[39m
     [32m✓[39m should show password strength indicator in register mode[32m 101[2mms[22m[39m
     [32m✓[39m should require terms acceptance in register mode[32m 88[2mms[22m[39m
     [32m✓[39m should validate email input format[32m 17[2mms[22m[39m
     [32m✓[39m should validate password input type[32m 14[2mms[22m[39m
 [31m❯[39m e2e/auth.spec.ts [2m([22m[2m0 test[22m[2m)[22m
 [31m❯[39m e2e/navigation.spec.ts [2m([22m[2m0 test[22m[2m)[22m
 [31m❯[39m src/components/screens/__tests__/TasksKanban.test.tsx [2m([22m[2m4 tests[22m[2m | [22m[31m1 failed[39m[2m)[22m[33m 342[2mms[22m[39m
     [32m✓[39m should render the kanban board[32m 128[2mms[22m[39m
     [32m✓[39m should render all kanban columns[32m 60[2mms[22m[39m
     [32m✓[39m should display mock tasks in received column[32m 53[2mms[22m[39m
[31m     [31m×[31m should display task categories correctly[39m[32m 98[2mms[22m[39m

[31m⎯⎯⎯⎯⎯⎯⎯[39m[1m[41m Failed Tests 1 [49m[22m[31m⎯⎯⎯⎯⎯⎯⎯[39m

[41m[1m FAIL [22m[49m src/components/screens/__tests__/TasksKanban.test.tsx[2m > [22mTasksKanban[2m > [22mshould display task categories correctly
[31m[1mTestingLibraryElementError[22m[39m: Unable to find an element with the text: INFRASTRUCTURE. This could be because the text is broken up by multiple elements. In this case, you can provide a function for your text matcher to make your matcher more flexible.

Ignored nodes: comments, script, style
[36m<body>[39m
  [36m<div>[39m
    [36m<div[39m
      [33mclass[39m=[32m"flex h-screen bg-gray-50 overflow-hidden"[39m
    [36m>[39m
      [36m<div[39m
        [33mclass[39m=[32m"flex-1 flex flex-col min-w-0"[39m
      [36m>[39m
        [36m<div[39m
          [33mclass[39m=[32m"bg-white border-b px-8 py-4 flex items-center justify-between shrink-0"[39m
        [36m>[39m
          [36m<div[39m
            [33mclass[39m=[32m"flex items-center gap-4"[39m
          [36m>[39m
            [36m<button[39m
              [33maria-controls[39m=[32m"radix-_r_14_"[39m
              [33maria-expanded[39m=[32m"false"[39m
              [33maria-haspopup[39m=[32m"dialog"[39m
              [33mclass[39m=[32m"inline-flex items-center justify-center gap-2 whitespace-nowrap text-sm font-medium transition-all disabled:pointer-events-none disabled:opacity-50 [&_svg]:pointer-events-none [&_svg:not([class*='size-'])]:size-4 shrink-0 [&_svg]:shrink-0 outline-none focus-visible:border-ring focus-visible:ring-ring/50 focus-visible:ring-[3px] aria-invalid:ring-destructive/20 dark:aria-invalid:ring-destructive/40 aria-invalid:border-destructive hover:text-accent-foreground dark:hover:bg-accent/50 size-9 rounded-md hover:bg-gray-100"[39m
              [33mdata-slot[39m=[32m"sheet-trigger"[39m
              [33mdata-state[39m=[32m"closed"[39m
              [33mtype[39m=[32m"button"[39m
            [36m>[39m
              [36m<svg[39m
                [33maria-hidden[39m=[32m"true"[39m
                [33mclass[39m=[32m"lucide lucide-menu h-6 w-6"[39m
                [33mfill[39m=[32m"none"[39m
                [33mheight[39m=[32m"24"[39m
                [33mstroke[39m=[32m"currentColor"[39m
                [33mstroke-linecap[39m=[32m"round"[39m
                [33mstroke-linejoin[39m=[32m"round"[39m
                [33mstroke-width[39m=[32m"2"[39m
                [33mviewBox[39m=[32m"0 0 24 24"[39m
                [33mwidth[39m=[32m"24"[39m
                [33mxmlns[39m=[32m"http://www.w3.org/2000/svg"[39m
              [36m>[39m
                [36m<path[39m
                  [33md[39m=[32m"M4 5h16"[39m
                [36m/>[39m
                [36m<path[39m
                  [33md[39m=[32m"M4 12h16"[39m
                [36m/>[39m
                [36m<path[39m
                  [33md[39m=[32m"M4 19h16"[39m
                [36m/>[39m
              [36m</svg>[39m
            [36m</button>[39m
            [36m<div>[39m
              [36m<h1[39m
                [33mclass[39m=[32m"text-2xl font-bold tracking-tight text-gray-900"[39m
              [36m>[39m
                [0mGestão de Demandas[0m
              [36m</h1>[39m
              [36m<p[39m
                [33mclass[39m=[32m"text-sm text-gray-500"[39m
              [36m>[39m
                [0mFluxo de trabalho de [0m
              [36m</p>[39m
            [36m</div>[39m
          [36m</div>[39m
        [36m</div>[39m
        [36m<div[39m
          [33mclass[39m=[32m"flex-1 overflow-x-auto overflow-y-hidden p-8"[39m
        [36m>[39m
          [36m<div[39m
            [33mclass[39m=[32m"flex h-full gap-6 min-w-max pb-4"[39m
          [36m>[39m
            [36m<div[39m
              [33mclass[39m=[32m"flex-1 min-w-[300px] flex flex-col h-full bg-gray-50/50 rounded-xl border border-gray-100"[39m
            [36m>[39m
              [36m<div[39m
                [33mclass[39m=[32m"p-4 rounded-t-xl border-b border-gray-100 bg-white sticky top-0 z-10 flex items-center justify-between"[39m
              [36m>[39m
                [36m<div[39m
                  [33mclass[39m=[32m"flex items-center gap-2"[39m
                [36m>[39m
                  [36m<div[39m
                    [33mclass[39m=[32m"w-3 h-3 rounded-full bg-blue-500"[39m
                  [36m/>[39m
                  [36m<h3[39m
                    [33mclass[39m=[32m"font-semibold text-gray-700"[39m
                  [36m>[39m
                    [0mRecebidas[0m
                  [36m</h3>[39m
                [36m</div>[39m
                [36m<span[39m
                  [33mclass[39m=[32m"text-xs font-medium bg-gray-100 text-gray-600 px-2 py-1 rounded-full"[39m
                [36m>[39m
                  [0m2[0m
                [36m</span>[39m
              [36m</div>[39m
              [36m<div[39m
                [33mclass[39m=[32m"p-3 space-y-3 overflow-y-auto flex-1 custom-scrollbar"[39m
              [36m>[39m
                [36m<div[39m
                  [33mclass[39m=[32m"text-card-foreground flex flex-col gap-6 rounded-xl border cursor-pointer hover:shadow-lg transition-all duration-200 border-gray-200 group bg-white"[39m
                  [33mdata-slot[39m=[32m"card"[39m
                [36m>[39m
                  [36m<div[39m
                    [33mclass[39m=[32m"[&:last-child]:pb-6 p-4"[39m
                    [33mdata-slot[39m=[32m"card-content"[39m
                  [36m>[39m
                    [36m<div[39m
                      [33mclass[39m=[32m"flex justify-between items-start mb-2"[39m
                    [36m>[39m
                      [36m<span[39m
                        [33mclass[39m=[32m"text-xs font-semibold text-gray-500 uppercase tracking-wider"[39m
                      [36m>[39m
                        [0minfrastructure[0m
                      [36m</span>[39m
                      [36m<button[39m
                        [33maria-expanded[39m=[32m"false"[39m
                        [33maria-haspopup[39m=[32m"menu"[39m
                        [33mclass[39m=[32m"inline-flex items-center justify-center gap-2 whitespace-nowrap text-sm font-medium transition-all disabled:pointer-events-none disabled:opacity-50 [&_svg]:pointer-events-none [&_svg:not([class*='size-'])]:size-4 shrink-0 [&_svg]:shrink-0 outline-none focus-visible:border-ring focus-visible:ring-ring/50 focus-visible:ring-[3px] aria-invalid:ring-destructive/20 dark:aria-invalid:ring-destructive/40 aria-invalid:border-destructive hover:bg-accent dark:hover:bg-accent/50 size-9 rounded-md h-6 w-6 -mr-2 text-gray-400 hover:text-gray-600"[39m
                        [33mdata-slot[39m=[32m"dropdown-menu-trigger"[39m
                        [33mdata-state[39m=[32m"closed"[39m
                        [33mid[39m=[32m"radix-_r_17_"[39m
                        [33mtype[39m=[32m"button"[39m
                      [36m>[39m
                        [36m<svg[39m
                          [33maria-hidden[39m=[32m"true"[39m
                          [33mclass[39m=[32m"lucide lucide-ellipsis-vertical h-4 w-4"[39m
                          [33mfill[39m=[32m"none"[39m
                          [33mheight[39m=[32m"24"[39m
                          [33mstroke[39m=[32m"curre...
[90m [2m❯[22m Object.getElementError node_modules/@testing-library/dom/dist/config.js:[2m37:19[22m[39m
[90m [2m❯[22m node_modules/@testing-library/dom/dist/query-helpers.js:[2m76:38[22m[39m
[90m [2m❯[22m node_modules/@testing-library/dom/dist/query-helpers.js:[2m52:17[22m[39m
[90m [2m❯[22m node_modules/@testing-library/dom/dist/query-helpers.js:[2m95:19[22m[39m
[36m [2m❯[22m src/components/screens/__tests__/TasksKanban.test.tsx:[2m104:23[22m[39m
    [90m102| [39m
    [90m103| [39m        [90m// Check for categories[39m
    [90m104| [39m        [34mexpect[39m(screen[33m.[39m[34mgetByText[39m([32m'INFRASTRUCTURE'[39m))[33m.[39m[34mtoBeInTheDocument[39m()[33m;[39m
    [90m   | [39m                      [31m^[39m
    [90m105| [39m        [34mexpect[39m(screen[33m.[39m[34mgetByText[39m([32m'SECURITY'[39m))[33m.[39m[34mtoBeInTheDocument[39m()[33m;[39m
    [90m106| [39m    })[33m;[39m

[31m[2m⎯⎯⎯⎯⎯⎯⎯⎯⎯⎯⎯⎯⎯⎯⎯⎯⎯⎯⎯⎯⎯⎯⎯⎯[1/1]⎯[22m[39m


[2m Test Files [22m [1m[31m4 failed[39m[22m[90m (4)[39m
[2m      Tests [22m [1m[31m2 failed[39m[22m[2m | [22m[1m[32m9 passed[39m[22m[90m (11)[39m
[2m   Start at [22m 16:51:50
[2m   Duration [22m 4.32s

[1m[41m FAIL [49m[22m [31mTests failed. Watching for file changes...[39m
       [2mpress [22m[1mh[22m[2m to show help[22m[2m, [22m[2mpress [22m[1mq[22m[2m to quit[22m
[1m[35m
Restarting due to config changes...[39m[22m

[1m[44m DEV [49m[22m [34mv4.0.16 [39m[90m/home/ubuntu/Documents/Projetos/guardiao/guardiao-painel[39m

 [31m❯[39m src/components/screens/__tests__/AuthScreen.test.tsx [2m([22m[2m7 tests[22m[2m | [22m[31m1 failed[39m[2m)[22m[33m 1163[2mms[22m[39m
[31m     [31m×[31m should render login form by default[39m[33m 427[2mms[22m[39m
     [33m[2m✓[22m[39m should toggle between login and register modes [33m 333[2mms[22m[39m
     [32m✓[39m should show Google sign-in button[32m 100[2mms[22m[39m
     [32m✓[39m should show password strength indicator in register mode[32m 118[2mms[22m[39m
     [32m✓[39m should require terms acceptance in register mode[32m 109[2mms[22m[39m
     [32m✓[39m should validate email input format[32m 36[2mms[22m[39m
     [32m✓[39m should validate password input type[32m 32[2mms[22m[39m
 [32m✓[39m src/__tests__/unit/moderationUtils.test.ts [2m([22m[2m12 tests[22m[2m)[22m[32m 73[2mms[22m[39m
 [32m✓[39m src/__tests__/security/input-validation.test.ts [2m([22m[2m10 tests[22m[2m)[22m[32m 26[2mms[22m[39m
 [31m❯[39m src/components/screens/__tests__/TasksKanban.test.tsx [2m([22m[2m4 tests[22m[2m | [22m[31m1 failed[39m[2m)[22m[33m 754[2mms[22m[39m
     [33m[2m✓[22m[39m should render the kanban board [33m 336[2mms[22m[39m
     [32m✓[39m should render all kanban columns[32m 156[2mms[22m[39m
     [32m✓[39m should display mock tasks in received column[32m 118[2mms[22m[39m
[31m     [31m×[31m should display task categories correctly[39m[32m 139[2mms[22m[39m
 [32m✓[39m src/__tests__/unit/config.test.ts [2m([22m[2m10 tests[22m[2m)[22m[32m 32[2mms[22m[39m
 [32m✓[39m src/__tests__/integration/auth-flow.test.tsx [2m([22m[2m5 tests[22m[2m)[22m[32m 14[2mms[22m[39m

[31m⎯⎯⎯⎯⎯⎯⎯[39m[1m[41m Failed Tests 2 [49m[22m[31m⎯⎯⎯⎯⎯⎯⎯[39m

[41m[1m FAIL [22m[49m src/components/screens/__tests__/AuthScreen.test.tsx[2m > [22mAuthScreen[2m > [22mshould render login form by default
[31m[1mTestingLibraryElementError[22m[39m: Found multiple elements with the role "heading" and name `/guardião nacional/i`

Here are the matching elements:

Ignored nodes: comments, script, style
[36m<h1[39m
  [33mclass[39m=[32m"text-xl font-bold text-primary"[39m
[36m>[39m
  [0mGuardião Nacional[0m
[36m</h1>[39m

Ignored nodes: comments, script, style
[36m<h1[39m
  [33mclass[39m=[32m"text-2xl font-bold tracking-tight text-blue-900"[39m
[36m>[39m
  [0mGuardião Nacional[0m
[36m</h1>[39m

(If this is intentional, then use the `*AllBy*` variant of the query (like `queryAllByText`, `getAllByText`, or `findAllByText`)).

Ignored nodes: comments, script, style
[36m<body>[39m
  [36m<div>[39m
    [36m<div[39m
      [33mclass[39m=[32m"h-screen bg-background flex flex-col"[39m
    [36m>[39m
      [36m<div[39m
        [33mclass[39m=[32m"flex items-center justify-center pt-16 pb-8"[39m
      [36m>[39m
        [36m<div[39m
          [33mclass[39m=[32m"flex items-center space-x-3"[39m
        [36m>[39m
          [36m<div[39m
            [33mclass[39m=[32m"w-16 h-16 rounded-full flex items-center justify-center overflow-hidden"[39m
          [36m>[39m
            [36m<img[39m
              [33malt[39m=[32m"Logo"[39m
              [33mclass[39m=[32m"w-full h-full object-cover"[39m
              [33msrc[39m=[32m"/logo-new.jpg"[39m
            [36m/>[39m
          [36m</div>[39m
          [36m<div>[39m
            [36m<h1[39m
              [33mclass[39m=[32m"text-xl font-bold text-primary"[39m
            [36m>[39m
              [0mGuardião Nacional[0m
            [36m</h1>[39m
            [36m<p[39m
              [33mclass[39m=[32m"text-sm text-gray-600"[39m
            [36m>[39m
              [0mSua voz, sua comunidade[0m
            [36m</p>[39m
          [36m</div>[39m
        [36m</div>[39m
      [36m</div>[39m
      [36m<div[39m
        [33mclass[39m=[32m"flex-1 px-6"[39m
      [36m>[39m
        [36m<div[39m
          [33mclass[39m=[32m"max-w-sm mx-auto"[39m
        [36m>[39m
          [36m<div[39m
            [33mclass[39m=[32m"text-center"[39m
          [36m>[39m
            [36m<h1[39m
              [33mclass[39m=[32m"text-2xl font-bold tracking-tight text-blue-900"[39m
            [36m>[39m
              [0mGuardião Nacional[0m
            [36m</h1>[39m
            [36m<p[39m
              [33mclass[39m=[32m"text-gray-600"[39m
            [36m>[39m
              [0mAcesse sua conta para continuar[0m
            [36m</p>[39m
          [36m</div>[39m
          [36m<button[39m
            [33mclass[39m=[32m"inline-flex items-center justify-center gap-2 whitespace-nowrap rounded-md text-sm font-medium transition-all disabled:pointer-events-none disabled:opacity-50 [&_svg]:pointer-events-none [&_svg:not([class*='size-'])]:size-4 shrink-0 [&_svg]:shrink-0 outline-none focus-visible:border-ring focus-visible:ring-ring/50 focus-visible:ring-[3px] aria-invalid:ring-destructive/20 dark:aria-invalid:ring-destructive/40 aria-invalid:border-destructive bg-background text-foreground hover:bg-accent hover:text-accent-foreground dark:bg-input/30 dark:border-input dark:hover:bg-input/50 px-4 py-2 has-[>svg]:px-3 w-full mb-6 h-12 border-2"[39m
            [33mdata-slot[39m=[32m"button"[39m
            [33mtype[39m=[32m"button"[39m
          [36m>[39m
            [36m<svg[39m
              [33mclass[39m=[32m"w-5 h-5 mr-2"[39m
              [33mviewBox[39m=[32m"0 0 24 24"[39m
            [36m>[39m
              [36m<path[39m
                [33md[39m=[32m"M22.56 12.25c0-.78-.07-1.53-.2-2.25H12v4.26h5.92c-.26 1.37-1.04 2.53-2.21 3.31v2.77h3.57c2.08-1.92 3.28-4.74 3.28-8.09z"[39m
                [33mfill[39m=[32m"#4285F4"[39m
              [36m/>[39m
              [36m<path[39m
                [33md[39m=[32m"M12 23c2.97 0 5.46-.98 7.28-2.66l-3.57-2.77c-.98.66-2.23 1.06-3.71 1.06-2.86 0-5.29-1.93-6.16-4.53H2.18v2.84C3.99 20.53 7.7 23 12 23z"[39m
                [33mfill[39m=[32m"#34A853"[39m
              [36m/>[39m
              [36m<path[39m
                [33md[39m=[32m"M5.84 14.09c-.22-.66-.35-1.36-.35-2.09s.13-1.43.35-2.09V7.07H2.18C1.43 8.55 1 10.22 1 12s.43 3.45 1.18 4.93l2.85-2.22.81-.62z"[39m
                [33mfill[39m=[32m"#FBBC05"[39m
              [36m/>[39m
              [36m<path[39m
                [33md[39m=[32m"M12 5.38c1.62 0 3.06.56 4.21 1.64l3.15-3.15C17.45 2.09 14.97 1 12 1 7.7 1 3.99 3.47 2.18 7.07l3.66 2.84c.87-2.6 3.3-4.53 6.16-4.53z"[39m
                [33mfill[39m=[32m"#EA4335"[39m
              [36m/>[39m
            [36m</svg>[39m
            [0mContinuar com Google[0m
          [36m</button>[39m
          [36m<div[39m
            [33mclass[39m=[32m"relative mb-6"[39m
          [36m>[39m
            [36m<div[39m
              [33mclass[39m=[32m"bg-border shrink-0 data-[orientation=horizontal]:h-px data-[orientation=horizontal]:w-full data-[orientation=vertical]:h-full data-[orientation=vertical]:w-px"[39m
              [33mdata-orientation[39m=[32m"horizontal"[39m
              [33mdata-slot[39m=[32m"separator-root"[39m
              [33mrole[39m=[32m"none"[39m
            [36m/>[39m
            [36m<span[39m
              [33mclass[39m=[32m"absolute top-1/2 left-1/2 transform -translate-x-1/2 -translate-y-1/2 bg-background px-3 text-sm text-gray-500"[39m
            [36m>[39m
              [0mou[0m
            [36m</span>[39m
          [36m</div>[39m
          [36m<form[39m
            [33mclass[39m=[32m"space-y-4"[39m
          [36m>[39m
            [36m<div[39m
              [33mclass[39m=[32m"space-y-2"[39m
            [36m>[39m
              [36m<label[39m
                [33mclass[39m=[32m"flex items-center gap-2 text-sm leading-none font-medium select-none group-data-[disabled=true]:pointer-events-none group-data-[disabled=true]:opacity-50 peer-disabled:cursor-not-allowed peer-disabled:opacity-50"[39m
                [33mdata-slot[39m=[32m"label"[39m
                [33mfor[39m=[32m"email"[39m
              [36m>[39m
                [0mEmail[0m
              [36m</label>[39m
              [36m<input[39m
                [33mclass[39m=[32m"file:text-foreground placeholder:text-muted-foreground selection:bg-primary selection:text-primary-foreground dark:bg-input/30 border-input flex h-9 w-full min-w-0 rounded-md border px-3 py-1 text-base bg-input-background transition-[color,box-shadow] outline-none file:inline-flex file:h-7 file:border-0 file:bg-transparent file:text-sm file:font-medium disabled:pointer-events-none disabled:cursor-not-allowed disabled:opacity-50 md:text-sm focus-visible:border-ring focus-visible:ring-ring/50 focus-visible:ring-[3px] aria-invalid:ring-destructive/20 dark:aria-invalid:ring-destructive/40 aria-invalid:border-destructive"[39m
                [33mdata-slot[39m=[32m"input"[39m
                [33mid[39m=[32m"email"[39m
                [33mrequired[39m=[32m""[39m
                [33mtype[39m=[32m"email"[39m
                [33mvalue[39m=[32m""[39m
              [36m/>[39m
            [36m</div>[39m
            [36m<div[39m
              [33mclass[39m=[32m"space-y-2"[39m
            [36m>[39m
              [36m<label[39m
                [33mclass[39m=[32m"flex items-center gap-2 text-sm leading-none font-medium select-none group-data-[disabled=true]:pointer-events-none group-data-[disabled=true]:opacity-50 peer-disabled:cursor-not-allowed peer-disabled:opacity-50"[39m
                [33mdata-slot[39m=[32m"label"[39m
                [33mfor[39m=[32m"password"[39m
              [36m>[39m
                [0mSenha[0m
              [36m</label>[39m
              [36m<input[39m
                [33mclass[39m=[32m"file:text-foreground placeholder:text-muted-foreground selection:bg-primary selection:text-primary-foreground dark:bg-input/30 border-input flex h-9 w-full min-w-0 rounded-md border px-3 py-1 text-base bg-input-background transition-[color,box-shadow] outline-none file:inline-flex file:h-7 file:border-0 file:bg-transparent file:text-sm file:font-medium disabled:pointer-events-none disabled:cursor-not-allowed disabled:opacity-50 md:text-sm focus-visible:border-ring focus-visible:ring-ring/50 focus-visible:ring-[3px] aria-invalid:ring-destructive/20 dark:aria-invalid:ring-destructive/40 aria-invalid:border-destructive"[39m
                [33mdata-slot[39m=[32m"input"[39m
                [33mid[39m=[32m"password"[39m
                [33mrequired[39m=[32m""[39m
                [33mtype[39m=[32m"password"[39m
                [33mvalue[39m=[32m""[39m
              [36m/>[39m
            [36m</div>[39m
            [36m<div[39m
              [33mclass[39m=[32m"flex justify-end"[39m
            [36m>[39m
              [36m<button[39m
                [33mclass[39m=[32m"text-sm text-primary hover:underline"[39m
                [33mtype[39m=[32m"button"[39m
              [36m>[39m
                [0mEsqueceu sua senha?[0m
              [36m</button>[39m
            [36m</div>[39m
            [36m<button[39m
              [33mclass[39m=[32m"inline-flex items-center justify-center gap-2 whitespace-nowrap rounded-md text-sm font-medium transition-all disabled:pointer-events-none disabled:opacity-50 [&_svg]:pointer-events-none [&_svg:not([class*='size-'])]:size-4 shrink-0 [&_svg]:shrink-0 outline-none focus-visible:border-ring focus-visible:ring-ring/50 focus-visible:ring-[3px] aria-invalid:ring-destructive/20 dark:aria-invalid:ring-destructive/40 aria-invalid:border-destructive text-primary-foreground px-4 py-2 has-[>svg]:px-3 w-full h-12 bg-primary hover:bg-primary/90"[39m
              [33mdata-slot[39m=[32m"button"[39m
              [33mtype[39m=[32m"submit"[39m
            [36m>[39m
              [0mEntrar[0m
            [36m</button>[39m
          [36m</form>[39m
          [36m<div[39m
            [33mclass[39m=[32m"mt-6 text-center"[39m
          [36m>[39m
            [36m<p[39m
              [33mclass[39m=[32m"text-gray-600"[39m
            [36m>[39m
              [0mNão tem uma conta?[0m
              [0m [0m
              [36m<button[39m
                [33mclass[39m=[32m"text-primary hover:underline bg-transparent border-none cursor-pointer font-medium"[39m
              [36m>[39m
                [0mCriar conta[0m
              [36m</button>[39m
            [36m</p>[39m
          [36m</div>[39m
        [36m</div>[39m
      [36m</div>[39m
    [36m</div>[39m
  [36m</div>[39m
[36m</body>[39m
[90m [2m❯[22m Object.getElementError node_modules/@testing-library/dom/dist/config.js:[2m37:19[22m[39m
[90m [2m❯[22m getElementError node_modules/@testing-library/dom/dist/query-helpers.js:[2m20:35[22m[39m
[90m [2m❯[22m getMultipleElementsFoundError node_modules/@testing-library/dom/dist/query-helpers.js:[2m23:10[22m[39m
[90m [2m❯[22m node_modules/@testing-library/dom/dist/query-helpers.js:[2m55:13[22m[39m
[90m [2m❯[22m node_modules/@testing-library/dom/dist/query-helpers.js:[2m95:19[22m[39m
[36m [2m❯[22m src/components/screens/__tests__/AuthScreen.test.tsx:[2m14:23[22m[39m
    [90m 12| [39m        [34mrenderWithRouter[39m([33m<[39m[33mAuthScreen[39m [33m/[39m[33m>[39m)[33m;[39m
    [90m 13| [39m
    [90m 14| [39m        expect(screen.getByRole('heading', { name: /guardião nacional/…
    [90m   | [39m                      [31m^[39m
    [90m 15| [39m        expect(screen.getByRole('button', { name: /entrar/i })).toBeIn…
    [90m 16| [39m        [34mexpect[39m(screen[33m.[39m[34mgetByLabelText[39m([36m/email/i[39m))[33m.[39m[34mtoBeInTheDocument[39m()[33m;[39m

[31m[2m⎯⎯⎯⎯⎯⎯⎯⎯⎯⎯⎯⎯⎯⎯⎯⎯⎯⎯⎯⎯⎯⎯⎯⎯[1/2]⎯[22m[39m

[41m[1m FAIL [22m[49m src/components/screens/__tests__/TasksKanban.test.tsx[2m > [22mTasksKanban[2m > [22mshould display task categories correctly
[31m[1mTestingLibraryElementError[22m[39m: Unable to find an element with the text: INFRASTRUCTURE. This could be because the text is broken up by multiple elements. In this case, you can provide a function for your text matcher to make your matcher more flexible.

Ignored nodes: comments, script, style
[36m<body>[39m
  [36m<div>[39m
    [36m<div[39m
      [33mclass[39m=[32m"flex h-screen bg-gray-50 overflow-hidden"[39m
    [36m>[39m
      [36m<div[39m
        [33mclass[39m=[32m"flex-1 flex flex-col min-w-0"[39m
      [36m>[39m
        [36m<div[39m
          [33mclass[39m=[32m"bg-white border-b px-8 py-4 flex items-center justify-between shrink-0"[39m
        [36m>[39m
          [36m<div[39m
            [33mclass[39m=[32m"flex items-center gap-4"[39m
          [36m>[39m
            [36m<button[39m
              [33maria-controls[39m=[32m"radix-_r_14_"[39m
              [33maria-expanded[39m=[32m"false"[39m
              [33maria-haspopup[39m=[32m"dialog"[39m
              [33mclass[39m=[32m"inline-flex items-center justify-center gap-2 whitespace-nowrap text-sm font-medium transition-all disabled:pointer-events-none disabled:opacity-50 [&_svg]:pointer-events-none [&_svg:not([class*='size-'])]:size-4 shrink-0 [&_svg]:shrink-0 outline-none focus-visible:border-ring focus-visible:ring-ring/50 focus-visible:ring-[3px] aria-invalid:ring-destructive/20 dark:aria-invalid:ring-destructive/40 aria-invalid:border-destructive hover:text-accent-foreground dark:hover:bg-accent/50 size-9 rounded-md hover:bg-gray-100"[39m
              [33mdata-slot[39m=[32m"sheet-trigger"[39m
              [33mdata-state[39m=[32m"closed"[39m
              [33mtype[39m=[32m"button"[39m
            [36m>[39m
              [36m<svg[39m
                [33maria-hidden[39m=[32m"true"[39m
                [33mclass[39m=[32m"lucide lucide-menu h-6 w-6"[39m
                [33mfill[39m=[32m"none"[39m
                [33mheight[39m=[32m"24"[39m
                [33mstroke[39m=[32m"currentColor"[39m
                [33mstroke-linecap[39m=[32m"round"[39m
                [33mstroke-linejoin[39m=[32m"round"[39m
                [33mstroke-width[39m=[32m"2"[39m
                [33mviewBox[39m=[32m"0 0 24 24"[39m
                [33mwidth[39m=[32m"24"[39m
                [33mxmlns[39m=[32m"http://www.w3.org/2000/svg"[39m
              [36m>[39m
                [36m<path[39m
                  [33md[39m=[32m"M4 5h16"[39m
                [36m/>[39m
                [36m<path[39m
                  [33md[39m=[32m"M4 12h16"[39m
                [36m/>[39m
                [36m<path[39m
                  [33md[39m=[32m"M4 19h16"[39m
                [36m/>[39m
              [36m</svg>[39m
            [36m</button>[39m
            [36m<div>[39m
              [36m<h1[39m
                [33mclass[39m=[32m"text-2xl font-bold tracking-tight text-gray-900"[39m
              [36m>[39m
                [0mGestão de Demandas[0m
              [36m</h1>[39m
              [36m<p[39m
                [33mclass[39m=[32m"text-sm text-gray-500"[39m
              [36m>[39m
                [0mFluxo de trabalho de [0m
              [36m</p>[39m
            [36m</div>[39m
          [36m</div>[39m
        [36m</div>[39m
        [36m<div[39m
          [33mclass[39m=[32m"flex-1 overflow-x-auto overflow-y-hidden p-8"[39m
        [36m>[39m
          [36m<div[39m
            [33mclass[39m=[32m"flex h-full gap-6 min-w-max pb-4"[39m
          [36m>[39m
            [36m<div[39m
              [33mclass[39m=[32m"flex-1 min-w-[300px] flex flex-col h-full bg-gray-50/50 rounded-xl border border-gray-100"[39m
            [36m>[39m
              [36m<div[39m
                [33mclass[39m=[32m"p-4 rounded-t-xl border-b border-gray-100 bg-white sticky top-0 z-10 flex items-center justify-between"[39m
              [36m>[39m
                [36m<div[39m
                  [33mclass[39m=[32m"flex items-center gap-2"[39m
                [36m>[39m
                  [36m<div[39m
                    [33mclass[39m=[32m"w-3 h-3 rounded-full bg-blue-500"[39m
                  [36m/>[39m
                  [36m<h3[39m
                    [33mclass[39m=[32m"font-semibold text-gray-700"[39m
                  [36m>[39m
                    [0mRecebidas[0m
                  [36m</h3>[39m
                [36m</div>[39m
                [36m<span[39m
                  [33mclass[39m=[32m"text-xs font-medium bg-gray-100 text-gray-600 px-2 py-1 rounded-full"[39m
                [36m>[39m
                  [0m2[0m
                [36m</span>[39m
              [36m</div>[39m
              [36m<div[39m
                [33mclass[39m=[32m"p-3 space-y-3 overflow-y-auto flex-1 custom-scrollbar"[39m
              [36m>[39m
                [36m<div[39m
                  [33mclass[39m=[32m"text-card-foreground flex flex-col gap-6 rounded-xl border cursor-pointer hover:shadow-lg transition-all duration-200 border-gray-200 group bg-white"[39m
                  [33mdata-slot[39m=[32m"card"[39m
                [36m>[39m
                  [36m<div[39m
                    [33mclass[39m=[32m"[&:last-child]:pb-6 p-4"[39m
                    [33mdata-slot[39m=[32m"card-content"[39m
                  [36m>[39m
                    [36m<div[39m
                      [33mclass[39m=[32m"flex justify-between items-start mb-2"[39m
                    [36m>[39m
                      [36m<span[39m
                        [33mclass[39m=[32m"text-xs font-semibold text-gray-500 uppercase tracking-wider"[39m
                      [36m>[39m
                        [0minfrastructure[0m
                      [36m</span>[39m
                      [36m<button[39m
                        [33maria-expanded[39m=[32m"false"[39m
                        [33maria-haspopup[39m=[32m"menu"[39m
                        [33mclass[39m=[32m"inline-flex items-center justify-center gap-2 whitespace-nowrap text-sm font-medium transition-all disabled:pointer-events-none disabled:opacity-50 [&_svg]:pointer-events-none [&_svg:not([class*='size-'])]:size-4 shrink-0 [&_svg]:shrink-0 outline-none focus-visible:border-ring focus-visible:ring-ring/50 focus-visible:ring-[3px] aria-invalid:ring-destructive/20 dark:aria-invalid:ring-destructive/40 aria-invalid:border-destructive hover:bg-accent dark:hover:bg-accent/50 size-9 rounded-md h-6 w-6 -mr-2 text-gray-400 hover:text-gray-600"[39m
                        [33mdata-slot[39m=[32m"dropdown-menu-trigger"[39m
                        [33mdata-state[39m=[32m"closed"[39m
                        [33mid[39m=[32m"radix-_r_17_"[39m
                        [33mtype[39m=[32m"button"[39m
                      [36m>[39m
                        [36m<svg[39m
                          [33maria-hidden[39m=[32m"true"[39m
                          [33mclass[39m=[32m"lucide lucide-ellipsis-vertical h-4 w-4"[39m
                          [33mfill[39m=[32m"none"[39m
                          [33mheight[39m=[32m"24"[39m
                          [33mstroke[39m=[32m"curre...
[90m [2m❯[22m Object.getElementError node_modules/@testing-library/dom/dist/config.js:[2m37:19[22m[39m
[90m [2m❯[22m node_modules/@testing-library/dom/dist/query-helpers.js:[2m76:38[22m[39m
[90m [2m❯[22m node_modules/@testing-library/dom/dist/query-helpers.js:[2m52:17[22m[39m
[90m [2m❯[22m node_modules/@testing-library/dom/dist/query-helpers.js:[2m95:19[22m[39m
[36m [2m❯[22m src/components/screens/__tests__/TasksKanban.test.tsx:[2m104:23[22m[39m
    [90m102| [39m
    [90m103| [39m        [90m// Check for categories[39m
    [90m104| [39m        [34mexpect[39m(screen[33m.[39m[34mgetByText[39m([32m'INFRASTRUCTURE'[39m))[33m.[39m[34mtoBeInTheDocument[39m()[33m;[39m
    [90m   | [39m                      [31m^[39m
    [90m105| [39m        [34mexpect[39m(screen[33m.[39m[34mgetByText[39m([32m'SECURITY'[39m))[33m.[39m[34mtoBeInTheDocument[39m()[33m;[39m
    [90m106| [39m    })[33m;[39m

[31m[2m⎯⎯⎯⎯⎯⎯⎯⎯⎯⎯⎯⎯⎯⎯⎯⎯⎯⎯⎯⎯⎯⎯⎯⎯[2/2]⎯[22m[39m


[2m Test Files [22m [1m[31m2 failed[39m[22m[2m | [22m[1m[32m4 passed[39m[22m[90m (6)[39m
[2m      Tests [22m [1m[31m2 failed[39m[22m[2m | [22m[1m[32m46 passed[39m[22m[90m (48)[39m
[2m   Start at [22m 16:52:10
[2m   Duration [22m 12.18s[2m (transform 980ms, setup 2.77s, import 7.45s, tests 2.06s, environment 7.90s)[22m

[1m[41m FAIL [49m[22m [31mTests failed. Watching for file changes...[39m
       [2mpress [22m[1mh[22m[2m to show help[22m[2m, [22m[2mpress [22m[1mq[22m[2m to quit[22m
c[3J[1m[44m RERUN [49m[22m [34m[2msrc/components/screens/__tests__/AuthScreen.test.tsx [22m[34mx1 [34m[39m

 [31m❯[39m src/components/screens/__tests__/TasksKanban.test.tsx [2m([22m[2m4 tests[22m[2m | [22m[31m1 failed[39m[2m)[22m[33m 754[2mms[22m[39m
     [33m[2m✓[22m[39m should render the kanban board [33m 336[2mms[22m[39m
     [32m✓[39m should render all kanban columns[32m 156[2mms[22m[39m
     [32m✓[39m should display mock tasks in received column[32m 118[2mms[22m[39m
[31m     [31m×[31m should display task categories correctly[39m[32m 139[2mms[22m[39m
 [32m✓[39m src/components/screens/__tests__/AuthScreen.test.tsx [2m([22m[2m7 tests[22m[2m)[22m[33m 994[2mms[22m[39m
     [33m[2m✓[22m[39m should render login form by default [33m 429[2mms[22m[39m

[2m Test Files [22m [1m[31m1 failed[39m[22m[2m | [22m[1m[32m1 passed[39m[22m[90m (2)[39m
[2m      Tests [22m [1m[31m1 failed[39m[22m[2m | [22m[1m[32m10 passed[39m[22m[90m (11)[39m
[2m   Start at [22m 16:52:53
[2m   Duration [22m 1.85s

[1m[42m PASS [49m[22m [32mWaiting for file changes...[39m
       [2mpress [22m[1mh[22m[2m to show help[22m[2m, [22m[2mpress [22m[1mq[22m[2m to quit[22m
c[3J[1m[44m RERUN [49m[22m [34m[2msrc/components/screens/__tests__/TasksKanban.test.tsx [22m[34mx1 [34m[39m

 [32m✓[39m src/components/screens/__tests__/TasksKanban.test.tsx [2m([22m[2m4 tests[22m[2m)[22m[33m 468[2mms[22m[39m

[2m Test Files [22m [1m[32m1 passed[39m[22m[90m (1)[39m
[2m      Tests [22m [1m[32m4 passed[39m[22m[90m (4)[39m
[2m   Start at [22m 16:53:12
[2m   Duration [22m 5.71s

[1m[42m PASS [49m[22m [32mWaiting for file changes...[39m
       [2mpress [22m[1mh[22m[2m to show help[22m[2m, [22m[2mpress [22m[1mq[22m[2m to quit[22m
c[3J[1m[44m RERUN [49m[22m [34m[2msrc/components/screens/TasksKanban.tsx [22m[34mx2 [34m[39m

 [32m✓[39m src/components/screens/__tests__/TasksKanban.test.tsx [2m([22m[2m4 tests[22m[2m)[22m[33m 418[2mms[22m[39m

[2m Test Files [22m [1m[32m1 passed[39m[22m[90m (1)[39m
[2m      Tests [22m [1m[32m4 passed[39m[22m[90m (4)[39m
[2m   Start at [22m 22:04:00
[2m   Duration [22m 7.01s

[1m[42m PASS [49m[22m [32mWaiting for file changes...[39m
       [2mpress [22m[1mh[22m[2m to show help[22m[2m, [22m[2mpress [22m[1mq[22m[2m to quit[22m
c[3J[1m[44m RERUN [49m[22m [34m[2msrc/hooks/useContributions.ts [22m[34mx3 [34m[39m

 [32m✓[39m src/components/screens/__tests__/TasksKanban.test.tsx [2m([22m[2m4 tests[22m[2m)[22m[32m 297[2mms[22m[39m

[2m Test Files [22m [1m[32m1 passed[39m[22m[90m (1)[39m
[2m      Tests [22m [1m[32m4 passed[39m[22m[90m (4)[39m
[2m   Start at [22m 22:04:11
[2m   Duration [22m 6.71s

[1m[42m PASS [49m[22m [32mWaiting for file changes...[39m
       [2mpress [22m[1mh[22m[2m to show help[22m[2m, [22m[2mpress [22m[1mq[22m[2m to quit[22m
